# command: cd camera-rental-server && /Users/wenliang_zeng/workspace/tool/apache-maven-3.9.10/bin/mvn -Dmaven.repo.local=/Volumes/zwl/maven-repository -pl yudao-module-rental/yudao-module-rental-biz -am -Dtest=XianyuOrderShipServiceTest -Dsurefire.failIfNoSpecifiedTests=false test
# exit_status: 0
# duration_ms: 80104

## stdout
[INFO] Scanning for projects...
[INFO] ------------------------------------------------------------------------
[INFO] Reactor Build Order:
[INFO] 
[INFO] yudao                                                              [pom]
[INFO] yudao-framework                                                    [pom]
[INFO] yudao-common                                                       [jar]
[INFO] yudao-spring-boot-starter-web                                      [jar]
[INFO] yudao-spring-boot-starter-security                                 [jar]
[INFO] yudao-spring-boot-starter-mybatis                                  [jar]
[INFO] yudao-spring-boot-starter-redis                                    [jar]
[INFO] yudao-spring-boot-starter-mq                                       [jar]
[INFO] yudao-spring-boot-starter-job                                      [jar]
[INFO] yudao-spring-boot-starter-test                                     [jar]
[INFO] yudao-spring-boot-starter-biz-tenant                               [jar]
[INFO] yudao-spring-boot-starter-websocket                                [jar]
[INFO] yudao-spring-boot-starter-monitor                                  [jar]
[INFO] yudao-spring-boot-starter-protection                               [jar]
[INFO] yudao-spring-boot-starter-biz-ip                                   [jar]
[INFO] yudao-spring-boot-starter-excel                                    [jar]
[INFO] yudao-spring-boot-starter-biz-data-permission                      [jar]
[INFO] yudao-module-infra                                                 [jar]
[INFO] yudao-module-system                                                [jar]
[INFO] yudao-module-rental                                                [pom]
[INFO] yudao-module-rental-api                                            [jar]
[INFO] yudao-module-ai                                                    [jar]
[INFO] yudao-module-erp                                                   [jar]
[INFO] yudao-module-rental-biz                                            [jar]
[INFO] 
[INFO] -----------------------< cn.iocoder.boot:yudao >------------------------
[INFO] Building yudao 2026.06-SNAPSHOT                                   [1/24]
[INFO]   from pom.xml
[INFO] --------------------------------[ pom ]---------------------------------
[INFO] 
[INFO] --- flatten:1.7.2:flatten (flatten) @ yudao ---
[INFO] Generating flattened POM of project cn.iocoder.boot:yudao:pom:2026.06-SNAPSHOT...
[INFO] 
[INFO] ------------------< cn.iocoder.boot:yudao-framework >-------------------
[INFO] Building yudao-framework 2026.06-SNAPSHOT                         [2/24]
[INFO]   from yudao-framework/pom.xml
[INFO] --------------------------------[ pom ]---------------------------------
[INFO] 
[INFO] --- flatten:1.7.2:flatten (flatten) @ yudao-framework ---
[INFO] Generating flattened POM of project cn.iocoder.boot:yudao-framework:pom:2026.06-SNAPSHOT...
[INFO] 
[INFO] --------------------< cn.iocoder.boot:yudao-common >--------------------
[INFO] Building yudao-common 2026.06-SNAPSHOT                            [3/24]
[INFO]   from yudao-framework/yudao-common/pom.xml
[INFO] --------------------------------[ jar ]---------------------------------
[INFO] 
[INFO] --- resources:3.3.1:resources (default-resources) @ yudao-common ---
[INFO] skip non existing resourceDirectory /private/tmp/camera-rental-dispatch-evidence.2TJOZk/camera-rental-server/yudao-framework/yudao-common/src/main/resources
[INFO] 
[INFO] --- flatten:1.7.2:flatten (flatten) @ yudao-common ---
[INFO] Generating flattened POM of project cn.iocoder.boot:yudao-common:jar:2026.06-SNAPSHOT...
[INFO] 
[INFO] --- compiler:3.14.0:compile (default-compile) @ yudao-common ---
[INFO] Recompiling the module because of changed source code.
[INFO] Compiling 73 source files with javac [target 17] to target/classes
[INFO] 
[INFO] --- resources:3.3.1:testResources (default-testResources) @ yudao-common ---
[INFO] skip non existing resourceDirectory /private/tmp/camera-rental-dispatch-evidence.2TJOZk/camera-rental-server/yudao-framework/yudao-common/src/test/resources
[INFO] 
[INFO] --- compiler:3.14.0:testCompile (default-testCompile) @ yudao-common ---
[INFO] Recompiling the module because of changed dependency.
[INFO] Compiling 2 source files with javac [target 17] to target/test-classes
[INFO] 
[INFO] --- surefire:3.5.3:test (default-test) @ yudao-common ---
[INFO] 
[INFO] -----------< cn.iocoder.boot:yudao-spring-boot-starter-web >------------
[INFO] Building yudao-spring-boot-starter-web 2026.06-SNAPSHOT           [4/24]
[INFO]   from yudao-framework/yudao-spring-boot-starter-web/pom.xml
[INFO] --------------------------------[ jar ]---------------------------------
[INFO] 
[INFO] --- resources:3.3.1:resources (default-resources) @ yudao-spring-boot-starter-web ---
[INFO] Copying 2 resources from src/main/resources to target/classes
[INFO] 
[INFO] --- flatten:1.7.2:flatten (flatten) @ yudao-spring-boot-starter-web ---
[INFO] Generating flattened POM of project cn.iocoder.boot:yudao-spring-boot-starter-web:jar:2026.06-SNAPSHOT...
[INFO] 
[INFO] --- compiler:3.14.0:compile (default-compile) @ yudao-spring-boot-starter-web ---
[INFO] Recompiling the module because of changed dependency.
[INFO] Compiling 68 source files with javac [target 17] to target/classes
[INFO] 
[INFO] --- resources:3.3.1:testResources (default-testResources) @ yudao-spring-boot-starter-web ---
[INFO] skip non existing resourceDirectory /private/tmp/camera-rental-dispatch-evidence.2TJOZk/camera-rental-server/yudao-framework/yudao-spring-boot-starter-web/src/test/resources
[INFO] 
[INFO] --- compiler:3.14.0:testCompile (default-testCompile) @ yudao-spring-boot-starter-web ---
[INFO] Recompiling the module because of changed dependency.
[INFO] Compiling 5 source files with javac [target 17] to target/test-classes
[INFO] 
[INFO] --- surefire:3.5.3:test (default-test) @ yudao-spring-boot-starter-web ---
[INFO] 
[INFO] ---------< cn.iocoder.boot:yudao-spring-boot-starter-security >---------
[INFO] Building yudao-spring-boot-starter-security 2026.06-SNAPSHOT      [5/24]
[INFO]   from yudao-framework/yudao-spring-boot-starter-security/pom.xml
[INFO] --------------------------------[ jar ]---------------------------------
[INFO] 
[INFO] --- resources:3.3.1:resources (default-resources) @ yudao-spring-boot-starter-security ---
[INFO] Copying 1 resource from src/main/resources to target/classes
[INFO] 
[INFO] --- flatten:1.7.2:flatten (flatten) @ yudao-spring-boot-starter-security ---
[INFO] Generating flattened POM of project cn.iocoder.boot:yudao-spring-boot-starter-security:jar:2026.06-SNAPSHOT...
[INFO] 
[INFO] --- compiler:3.14.0:compile (default-compile) @ yudao-spring-boot-starter-security ---
[INFO] Recompiling the module because of changed dependency.
[INFO] Compiling 17 source files with javac [target 17] to target/classes
[INFO] 
[INFO] --- resources:3.3.1:testResources (default-testResources) @ yudao-spring-boot-starter-security ---
[INFO] skip non existing resourceDirectory /private/tmp/camera-rental-dispatch-evidence.2TJOZk/camera-rental-server/yudao-framework/yudao-spring-boot-starter-security/src/test/resources
[INFO] 
[INFO] --- compiler:3.14.0:testCompile (default-testCompile) @ yudao-spring-boot-starter-security ---
[INFO] No sources to compile
[INFO] 
[INFO] --- surefire:3.5.3:test (default-test) @ yudao-spring-boot-starter-security ---
[INFO] No tests to run.
[INFO] 
[INFO] ---------< cn.iocoder.boot:yudao-spring-boot-starter-mybatis >----------
[INFO] Building yudao-spring-boot-starter-mybatis 2026.06-SNAPSHOT       [6/24]
[INFO]   from yudao-framework/yudao-spring-boot-starter-mybatis/pom.xml
[INFO] --------------------------------[ jar ]---------------------------------
[INFO] 
[INFO] --- resources:3.3.1:resources (default-resources) @ yudao-spring-boot-starter-mybatis ---
[INFO] Copying 2 resources from src/main/resources to target/classes
[INFO] 
[INFO] --- flatten:1.7.2:flatten (flatten) @ yudao-spring-boot-starter-mybatis ---
[INFO] Generating flattened POM of project cn.iocoder.boot:yudao-spring-boot-starter-mybatis:jar:2026.06-SNAPSHOT...
[INFO] 
[INFO] --- compiler:3.14.0:compile (default-compile) @ yudao-spring-boot-starter-mybatis ---
[INFO] Recompiling the module because of changed dependency.
[INFO] Compiling 24 source files with javac [target 17] to target/classes
[INFO] 
[INFO] --- resources:3.3.1:testResources (default-testResources) @ yudao-spring-boot-starter-mybatis ---
[INFO] skip non existing resourceDirectory /private/tmp/camera-rental-dispatch-evidence.2TJOZk/camera-rental-server/yudao-framework/yudao-spring-boot-starter-mybatis/src/test/resources
[INFO] 
[INFO] --- compiler:3.14.0:testCompile (default-testCompile) @ yudao-spring-boot-starter-mybatis ---
[INFO] Recompiling the module because of changed dependency.
[INFO] Compiling 1 source file with javac [target 17] to target/test-classes
[INFO] 
[INFO] --- surefire:3.5.3:test (default-test) @ yudao-spring-boot-starter-mybatis ---
[INFO] 
[INFO] ----------< cn.iocoder.boot:yudao-spring-boot-starter-redis >-----------
[INFO] Building yudao-spring-boot-starter-redis 2026.06-SNAPSHOT         [7/24]
[INFO]   from yudao-framework/yudao-spring-boot-starter-redis/pom.xml
[INFO] --------------------------------[ jar ]---------------------------------
[INFO] 
[INFO] --- resources:3.3.1:resources (default-resources) @ yudao-spring-boot-starter-redis ---
[INFO] Copying 1 resource from src/main/resources to target/classes
[INFO] 
[INFO] --- flatten:1.7.2:flatten (flatten) @ yudao-spring-boot-starter-redis ---
[INFO] Generating flattened POM of project cn.iocoder.boot:yudao-spring-boot-starter-redis:jar:2026.06-SNAPSHOT...
[INFO] 
[INFO] --- compiler:3.14.0:compile (default-compile) @ yudao-spring-boot-starter-redis ---
[INFO] Recompiling the module because of changed dependency.
[INFO] Compiling 5 source files with javac [target 17] to target/classes
[INFO] 
[INFO] --- resources:3.3.1:testResources (default-testResources) @ yudao-spring-boot-starter-redis ---
[INFO] skip non existing resourceDirectory /private/tmp/camera-rental-dispatch-evidence.2TJOZk/camera-rental-server/yudao-framework/yudao-spring-boot-starter-redis/src/test/resources
[INFO] 
[INFO] --- compiler:3.14.0:testCompile (default-testCompile) @ yudao-spring-boot-starter-redis ---
[INFO] No sources to compile
[INFO] 
[INFO] --- surefire:3.5.3:test (default-test) @ yudao-spring-boot-starter-redis ---
[INFO] No tests to run.
[INFO] 
[INFO] ------------< cn.iocoder.boot:yudao-spring-boot-starter-mq >------------
[INFO] Building yudao-spring-boot-starter-mq 2026.06-SNAPSHOT            [8/24]
[INFO]   from yudao-framework/yudao-spring-boot-starter-mq/pom.xml
[INFO] --------------------------------[ jar ]---------------------------------
[WARNING] 1 problem was encountered while building the effective model for org.javassist:javassist:jar:3.21.0-GA during dependency collection step for project (use -X to see details)
[INFO] 
[INFO] --- resources:3.3.1:resources (default-resources) @ yudao-spring-boot-starter-mq ---
[INFO] Copying 1 resource from src/main/resources to target/classes
[INFO] 
[INFO] --- flatten:1.7.2:flatten (flatten) @ yudao-spring-boot-starter-mq ---
[INFO] Generating flattened POM of project cn.iocoder.boot:yudao-spring-boot-starter-mq:jar:2026.06-SNAPSHOT...
[INFO] 
[INFO] --- compiler:3.14.0:compile (default-compile) @ yudao-spring-boot-starter-mq ---
[INFO] Recompiling the module because of changed dependency.
[INFO] Compiling 16 source files with javac [target 17] to target/classes
[INFO] 
[INFO] --- resources:3.3.1:testResources (default-testResources) @ yudao-spring-boot-starter-mq ---
[INFO] skip non existing resourceDirectory /private/tmp/camera-rental-dispatch-evidence.2TJOZk/camera-rental-server/yudao-framework/yudao-spring-boot-starter-mq/src/test/resources
[INFO] 
[INFO] --- compiler:3.14.0:testCompile (default-testCompile) @ yudao-spring-boot-starter-mq ---
[INFO] No sources to compile
[INFO] 
[INFO] --- surefire:3.5.3:test (default-test) @ yudao-spring-boot-starter-mq ---
[INFO] No tests to run.
[INFO] 
[INFO] -----------< cn.iocoder.boot:yudao-spring-boot-starter-job >------------
[INFO] Building yudao-spring-boot-starter-job 2026.06-SNAPSHOT           [9/24]
[INFO]   from yudao-framework/yudao-spring-boot-starter-job/pom.xml
[INFO] --------------------------------[ jar ]---------------------------------
[INFO] 
[INFO] --- resources:3.3.1:resources (default-resources) @ yudao-spring-boot-starter-job ---
[INFO] Copying 1 resource from src/main/resources to target/classes
[INFO] 
[INFO] --- flatten:1.7.2:flatten (flatten) @ yudao-spring-boot-starter-job ---
[INFO] Generating flattened POM of project cn.iocoder.boot:yudao-spring-boot-starter-job:jar:2026.06-SNAPSHOT...
[INFO] 
[INFO] --- compiler:3.14.0:compile (default-compile) @ yudao-spring-boot-starter-job ---
[INFO] Recompiling the module because of changed dependency.
[INFO] Compiling 9 source files with javac [target 17] to target/classes
[INFO] 
[INFO] --- resources:3.3.1:testResources (default-testResources) @ yudao-spring-boot-starter-job ---
[INFO] skip non existing resourceDirectory /private/tmp/camera-rental-dispatch-evidence.2TJOZk/camera-rental-server/yudao-framework/yudao-spring-boot-starter-job/src/test/resources
[INFO] 
[INFO] --- compiler:3.14.0:testCompile (default-testCompile) @ yudao-spring-boot-starter-job ---
[INFO] No sources to compile
[INFO] 
[INFO] --- surefire:3.5.3:test (default-test) @ yudao-spring-boot-starter-job ---
[INFO] No tests to run.
[INFO] 
[INFO] -----------< cn.iocoder.boot:yudao-spring-boot-starter-test >-----------
[INFO] Building yudao-spring-boot-starter-test 2026.06-SNAPSHOT         [10/24]
[INFO]   from yudao-framework/yudao-spring-boot-starter-test/pom.xml
[INFO] --------------------------------[ jar ]---------------------------------
[INFO] 
[INFO] --- resources:3.3.1:resources (default-resources) @ yudao-spring-boot-starter-test ---
[INFO] skip non existing resourceDirectory /private/tmp/camera-rental-dispatch-evidence.2TJOZk/camera-rental-server/yudao-framework/yudao-spring-boot-starter-test/src/main/resources
[INFO] 
[INFO] --- flatten:1.7.2:flatten (flatten) @ yudao-spring-boot-starter-test ---
[INFO] Generating flattened POM of project cn.iocoder.boot:yudao-spring-boot-starter-test:jar:2026.06-SNAPSHOT...
[INFO] 
[INFO] --- compiler:3.14.0:compile (default-compile) @ yudao-spring-boot-starter-test ---
[INFO] Recompiling the module because of changed dependency.
[INFO] Compiling 10 source files with javac [target 17] to target/classes
[INFO] 
[INFO] --- resources:3.3.1:testResources (default-testResources) @ yudao-spring-boot-starter-test ---
[INFO] skip non existing resourceDirectory /private/tmp/camera-rental-dispatch-evidence.2TJOZk/camera-rental-server/yudao-framework/yudao-spring-boot-starter-test/src/test/resources
[INFO] 
[INFO] --- compiler:3.14.0:testCompile (default-testCompile) @ yudao-spring-boot-starter-test ---
[INFO] No sources to compile
[INFO] 
[INFO] --- surefire:3.5.3:test (default-test) @ yudao-spring-boot-starter-test ---
[INFO] No tests to run.
[INFO] 
[INFO] --------< cn.iocoder.boot:yudao-spring-boot-starter-biz-tenant >--------
[INFO] Building yudao-spring-boot-starter-biz-tenant 2026.06-SNAPSHOT   [11/24]
[INFO]   from yudao-framework/yudao-spring-boot-starter-biz-tenant/pom.xml
[INFO] --------------------------------[ jar ]---------------------------------
[INFO] 
[INFO] --- resources:3.3.1:resources (default-resources) @ yudao-spring-boot-starter-biz-tenant ---
[INFO] Copying 2 resources from src/main/resources to target/classes
[INFO] 
[INFO] --- flatten:1.7.2:flatten (flatten) @ yudao-spring-boot-starter-biz-tenant ---
[INFO] Generating flattened POM of project cn.iocoder.boot:yudao-spring-boot-starter-biz-tenant:jar:2026.06-SNAPSHOT...
[INFO] 
[INFO] --- compiler:3.14.0:compile (default-compile) @ yudao-spring-boot-starter-biz-tenant ---
[INFO] Recompiling the module because of changed dependency.
[INFO] Compiling 26 source files with javac [target 17] to target/classes
[INFO] /private/tmp/camera-rental-dispatch-evidence.2TJOZk/camera-rental-server/yudao-framework/yudao-spring-boot-starter-biz-tenant/src/main/java/cn/iocoder/yudao/framework/tenant/core/mq/rocketmq/TenantRocketMQInitializer.java: /private/tmp/camera-rental-dispatch-evidence.2TJOZk/camera-rental-server/yudao-framework/yudao-spring-boot-starter-biz-tenant/src/main/java/cn/iocoder/yudao/framework/tenant/core/mq/rocketmq/TenantRocketMQInitializer.java使用或覆盖了已过时的 API。
[INFO] /private/tmp/camera-rental-dispatch-evidence.2TJOZk/camera-rental-server/yudao-framework/yudao-spring-boot-starter-biz-tenant/src/main/java/cn/iocoder/yudao/framework/tenant/core/mq/rocketmq/TenantRocketMQInitializer.java: 有关详细信息, 请使用 -Xlint:deprecation 重新编译。
[INFO] 
[INFO] --- resources:3.3.1:testResources (default-testResources) @ yudao-spring-boot-starter-biz-tenant ---
[INFO] skip non existing resourceDirectory /private/tmp/camera-rental-dispatch-evidence.2TJOZk/camera-rental-server/yudao-framework/yudao-spring-boot-starter-biz-tenant/src/test/resources
[INFO] 
[INFO] --- compiler:3.14.0:testCompile (default-testCompile) @ yudao-spring-boot-starter-biz-tenant ---
[INFO] Recompiling the module because of changed dependency.
[INFO] Compiling 1 source file with javac [target 17] to target/test-classes
[INFO] 
[INFO] --- surefire:3.5.3:test (default-test) @ yudao-spring-boot-starter-biz-tenant ---
[INFO] 
[INFO] --------< cn.iocoder.boot:yudao-spring-boot-starter-websocket >---------
[INFO] Building yudao-spring-boot-starter-websocket 2026.06-SNAPSHOT    [12/24]
[INFO]   from yudao-framework/yudao-spring-boot-starter-websocket/pom.xml
[INFO] --------------------------------[ jar ]---------------------------------
[INFO] 
[INFO] --- resources:3.3.1:resources (default-resources) @ yudao-spring-boot-starter-websocket ---
[INFO] Copying 1 resource from src/main/resources to target/classes
[INFO] 
[INFO] --- flatten:1.7.2:flatten (flatten) @ yudao-spring-boot-starter-websocket ---
[INFO] Generating flattened POM of project cn.iocoder.boot:yudao-spring-boot-starter-websocket:jar:2026.06-SNAPSHOT...
[INFO] 
[INFO] --- compiler:3.14.0:compile (default-compile) @ yudao-spring-boot-starter-websocket ---
[INFO] Recompiling the module because of changed dependency.
[INFO] Compiling 27 source files with javac [target 17] to target/classes
[INFO] 
[INFO] --- resources:3.3.1:testResources (default-testResources) @ yudao-spring-boot-starter-websocket ---
[INFO] skip non existing resourceDirectory /private/tmp/camera-rental-dispatch-evidence.2TJOZk/camera-rental-server/yudao-framework/yudao-spring-boot-starter-websocket/src/test/resources
[INFO] 
[INFO] --- compiler:3.14.0:testCompile (default-testCompile) @ yudao-spring-boot-starter-websocket ---
[INFO] No sources to compile
[INFO] 
[INFO] --- surefire:3.5.3:test (default-test) @ yudao-spring-boot-starter-websocket ---
[INFO] No tests to run.
[INFO] 
[INFO] ---------< cn.iocoder.boot:yudao-spring-boot-starter-monitor >----------
[INFO] Building yudao-spring-boot-starter-monitor 2026.06-SNAPSHOT      [13/24]
[INFO]   from yudao-framework/yudao-spring-boot-starter-monitor/pom.xml
[INFO] --------------------------------[ jar ]---------------------------------
[INFO] 
[INFO] --- resources:3.3.1:resources (default-resources) @ yudao-spring-boot-starter-monitor ---
[INFO] Copying 1 resource from src/main/resources to target/classes
[INFO] 
[INFO] --- flatten:1.7.2:flatten (flatten) @ yudao-spring-boot-starter-monitor ---
[INFO] Generating flattened POM of project cn.iocoder.boot:yudao-spring-boot-starter-monitor:jar:2026.06-SNAPSHOT...
[INFO] 
[INFO] --- compiler:3.14.0:compile (default-compile) @ yudao-spring-boot-starter-monitor ---
[INFO] Recompiling the module because of changed dependency.
[INFO] Compiling 8 source files with javac [target 17] to target/classes
[INFO] 
[INFO] --- resources:3.3.1:testResources (default-testResources) @ yudao-spring-boot-starter-monitor ---
[INFO] skip non existing resourceDirectory /private/tmp/camera-rental-dispatch-evidence.2TJOZk/camera-rental-server/yudao-framework/yudao-spring-boot-starter-monitor/src/test/resources
[INFO] 
[INFO] --- compiler:3.14.0:testCompile (default-testCompile) @ yudao-spring-boot-starter-monitor ---
[INFO] No sources to compile
[INFO] 
[INFO] --- surefire:3.5.3:test (default-test) @ yudao-spring-boot-starter-monitor ---
[INFO] No tests to run.
[INFO] 
[INFO] --------< cn.iocoder.boot:yudao-spring-boot-starter-protection >--------
[INFO] Building yudao-spring-boot-starter-protection 2026.06-SNAPSHOT   [14/24]
[INFO]   from yudao-framework/yudao-spring-boot-starter-protection/pom.xml
[INFO] --------------------------------[ jar ]---------------------------------
[INFO] 
[INFO] --- resources:3.3.1:resources (default-resources) @ yudao-spring-boot-starter-protection ---
[INFO] Copying 1 resource from src/main/resources to target/classes
[INFO] 
[INFO] --- flatten:1.7.2:flatten (flatten) @ yudao-spring-boot-starter-protection ---
[INFO] Generating flattened POM of project cn.iocoder.boot:yudao-spring-boot-starter-protection:jar:2026.06-SNAPSHOT...
[INFO] 
[INFO] --- compiler:3.14.0:compile (default-compile) @ yudao-spring-boot-starter-protection ---
[INFO] Recompiling the module because of changed dependency.
[INFO] Compiling 29 source files with javac [target 17] to target/classes
[INFO] /private/tmp/camera-rental-dispatch-evidence.2TJOZk/camera-rental-server/yudao-framework/yudao-spring-boot-starter-protection/src/main/java/cn/iocoder/yudao/framework/ratelimiter/core/redis/RateLimiterRedisDAO.java: /private/tmp/camera-rental-dispatch-evidence.2TJOZk/camera-rental-server/yudao-framework/yudao-spring-boot-starter-protection/src/main/java/cn/iocoder/yudao/framework/ratelimiter/core/redis/RateLimiterRedisDAO.java使用或覆盖了已过时的 API。
[INFO] /private/tmp/camera-rental-dispatch-evidence.2TJOZk/camera-rental-server/yudao-framework/yudao-spring-boot-starter-protection/src/main/java/cn/iocoder/yudao/framework/ratelimiter/core/redis/RateLimiterRedisDAO.java: 有关详细信息, 请使用 -Xlint:deprecation 重新编译。
[INFO] 
[INFO] --- resources:3.3.1:testResources (default-testResources) @ yudao-spring-boot-starter-protection ---
[INFO] skip non existing resourceDirectory /private/tmp/camera-rental-dispatch-evidence.2TJOZk/camera-rental-server/yudao-framework/yudao-spring-boot-starter-protection/src/test/resources
[INFO] 
[INFO] --- compiler:3.14.0:testCompile (default-testCompile) @ yudao-spring-boot-starter-protection ---
[INFO] Recompiling the module because of changed dependency.
[INFO] Compiling 1 source file with javac [target 17] to target/test-classes
[INFO] 
[INFO] --- surefire:3.5.3:test (default-test) @ yudao-spring-boot-starter-protection ---
[INFO] 
[INFO] ----------< cn.iocoder.boot:yudao-spring-boot-starter-biz-ip >----------
[INFO] Building yudao-spring-boot-starter-biz-ip 2026.06-SNAPSHOT       [15/24]
[INFO]   from yudao-framework/yudao-spring-boot-starter-biz-ip/pom.xml
[INFO] --------------------------------[ jar ]---------------------------------
[INFO] 
[INFO] --- resources:3.3.1:resources (default-resources) @ yudao-spring-boot-starter-biz-ip ---
[INFO] Copying 2 resources from src/main/resources to target/classes
[INFO] 
[INFO] --- flatten:1.7.2:flatten (flatten) @ yudao-spring-boot-starter-biz-ip ---
[INFO] Generating flattened POM of project cn.iocoder.boot:yudao-spring-boot-starter-biz-ip:jar:2026.06-SNAPSHOT...
[INFO] 
[INFO] --- compiler:3.14.0:compile (default-compile) @ yudao-spring-boot-starter-biz-ip ---
[INFO] Recompiling the module because of changed dependency.
[INFO] Compiling 5 source files with javac [target 17] to target/classes
[INFO] 
[INFO] --- resources:3.3.1:testResources (default-testResources) @ yudao-spring-boot-starter-biz-ip ---
[INFO] skip non existing resourceDirectory /private/tmp/camera-rental-dispatch-evidence.2TJOZk/camera-rental-server/yudao-framework/yudao-spring-boot-starter-biz-ip/src/test/resources
[INFO] 
[INFO] --- compiler:3.14.0:testCompile (default-testCompile) @ yudao-spring-boot-starter-biz-ip ---
[INFO] Recompiling the module because of changed dependency.
[INFO] Compiling 2 source files with javac [target 17] to target/test-classes
[INFO] 
[INFO] --- surefire:3.5.3:test (default-test) @ yudao-spring-boot-starter-biz-ip ---
[INFO] 
[INFO] ----------< cn.iocoder.boot:yudao-spring-boot-starter-excel >-----------
[INFO] Building yudao-spring-boot-starter-excel 2026.06-SNAPSHOT        [16/24]
[INFO]   from yudao-framework/yudao-spring-boot-starter-excel/pom.xml
[INFO] --------------------------------[ jar ]---------------------------------
[INFO] 
[INFO] --- resources:3.3.1:resources (default-resources) @ yudao-spring-boot-starter-excel ---
[INFO] Copying 1 resource from src/main/resources to target/classes
[INFO] 
[INFO] --- flatten:1.7.2:flatten (flatten) @ yudao-spring-boot-starter-excel ---
[INFO] Generating flattened POM of project cn.iocoder.boot:yudao-spring-boot-starter-excel:jar:2026.06-SNAPSHOT...
[INFO] 
[INFO] --- compiler:3.14.0:compile (default-compile) @ yudao-spring-boot-starter-excel ---
[INFO] Recompiling the module because of changed dependency.
[INFO] Compiling 17 source files with javac [target 17] to target/classes
[INFO] 
[INFO] --- resources:3.3.1:testResources (default-testResources) @ yudao-spring-boot-starter-excel ---
[INFO] skip non existing resourceDirectory /private/tmp/camera-rental-dispatch-evidence.2TJOZk/camera-rental-server/yudao-framework/yudao-spring-boot-starter-excel/src/test/resources
[INFO] 
[INFO] --- compiler:3.14.0:testCompile (default-testCompile) @ yudao-spring-boot-starter-excel ---
[INFO] Recompiling the module because of changed dependency.
[INFO] Compiling 1 source file with javac [target 17] to target/test-classes
[INFO] 
[INFO] --- surefire:3.5.3:test (default-test) @ yudao-spring-boot-starter-excel ---
[INFO] 
[INFO] ---< cn.iocoder.boot:yudao-spring-boot-starter-biz-data-permission >----
[INFO] Building yudao-spring-boot-starter-biz-data-permission 2026.06-SNAPSHOT [17/24]
[INFO]   from yudao-framework/yudao-spring-boot-starter-biz-data-permission/pom.xml
[INFO] --------------------------------[ jar ]---------------------------------
[INFO] 
[INFO] --- resources:3.3.1:resources (default-resources) @ yudao-spring-boot-starter-biz-data-permission ---
[INFO] Copying 1 resource from src/main/resources to target/classes
[INFO] 
[INFO] --- flatten:1.7.2:flatten (flatten) @ yudao-spring-boot-starter-biz-data-permission ---
[INFO] Generating flattened POM of project cn.iocoder.boot:yudao-spring-boot-starter-biz-data-permission:jar:2026.06-SNAPSHOT...
[INFO] 
[INFO] --- compiler:3.14.0:compile (default-compile) @ yudao-spring-boot-starter-biz-data-permission ---
[INFO] Recompiling the module because of changed dependency.
[INFO] Compiling 15 source files with javac [target 17] to target/classes
[INFO] /private/tmp/camera-rental-dispatch-evidence.2TJOZk/camera-rental-server/yudao-framework/yudao-spring-boot-starter-biz-data-permission/src/main/java/cn/iocoder/yudao/framework/datapermission/core/rule/dept/DeptDataPermissionRule.java: /private/tmp/camera-rental-dispatch-evidence.2TJOZk/camera-rental-server/yudao-framework/yudao-spring-boot-starter-biz-data-permission/src/main/java/cn/iocoder/yudao/framework/datapermission/core/rule/dept/DeptDataPermissionRule.java使用了未经检查或不安全的操作。
[INFO] /private/tmp/camera-rental-dispatch-evidence.2TJOZk/camera-rental-server/yudao-framework/yudao-spring-boot-starter-biz-data-permission/src/main/java/cn/iocoder/yudao/framework/datapermission/core/rule/dept/DeptDataPermissionRule.java: 有关详细信息, 请使用 -Xlint:unchecked 重新编译。
[INFO] 
[INFO] --- resources:3.3.1:testResources (default-testResources) @ yudao-spring-boot-starter-biz-data-permission ---
[INFO] skip non existing resourceDirectory /private/tmp/camera-rental-dispatch-evidence.2TJOZk/camera-rental-server/yudao-framework/yudao-spring-boot-starter-biz-data-permission/src/test/resources
[INFO] 
[INFO] --- compiler:3.14.0:testCompile (default-testCompile) @ yudao-spring-boot-starter-biz-data-permission ---
[INFO] Recompiling the module because of changed dependency.
[INFO] Compiling 6 source files with javac [target 17] to target/test-classes
[INFO] /private/tmp/camera-rental-dispatch-evidence.2TJOZk/camera-rental-server/yudao-framework/yudao-spring-boot-starter-biz-data-permission/src/test/java/cn/iocoder/yudao/framework/datapermission/core/aop/DataPermissionAnnotationInterceptorTest.java: /private/tmp/camera-rental-dispatch-evidence.2TJOZk/camera-rental-server/yudao-framework/yudao-spring-boot-starter-biz-data-permission/src/test/java/cn/iocoder/yudao/framework/datapermission/core/aop/DataPermissionAnnotationInterceptorTest.java使用或覆盖了已过时的 API。
[INFO] /private/tmp/camera-rental-dispatch-evidence.2TJOZk/camera-rental-server/yudao-framework/yudao-spring-boot-starter-biz-data-permission/src/test/java/cn/iocoder/yudao/framework/datapermission/core/aop/DataPermissionAnnotationInterceptorTest.java: 有关详细信息, 请使用 -Xlint:deprecation 重新编译。
[INFO] /private/tmp/camera-rental-dispatch-evidence.2TJOZk/camera-rental-server/yudao-framework/yudao-spring-boot-starter-biz-data-permission/src/test/java/cn/iocoder/yudao/framework/datapermission/core/db/DataPermissionRuleHandlerTest.java: /private/tmp/camera-rental-dispatch-evidence.2TJOZk/camera-rental-server/yudao-framework/yudao-spring-boot-starter-biz-data-permission/src/test/java/cn/iocoder/yudao/framework/datapermission/core/db/DataPermissionRuleHandlerTest.java使用了未经检查或不安全的操作。
[INFO] /private/tmp/camera-rental-dispatch-evidence.2TJOZk/camera-rental-server/yudao-framework/yudao-spring-boot-starter-biz-data-permission/src/test/java/cn/iocoder/yudao/framework/datapermission/core/db/DataPermissionRuleHandlerTest.java: 有关详细信息, 请使用 -Xlint:unchecked 重新编译。
[INFO] 
[INFO] --- surefire:3.5.3:test (default-test) @ yudao-spring-boot-starter-biz-data-permission ---
[INFO] 
[INFO] -----------------< cn.iocoder.boot:yudao-module-infra >-----------------
[INFO] Building yudao-module-infra 2026.06-SNAPSHOT                     [18/24]
[INFO]   from yudao-module-infra/pom.xml
[INFO] --------------------------------[ jar ]---------------------------------
[INFO] 
[INFO] --- resources:3.3.1:resources (default-resources) @ yudao-module-infra ---
[INFO] Copying 102 resources from src/main/resources to target/classes
[INFO] 
[INFO] --- flatten:1.7.2:flatten (flatten) @ yudao-module-infra ---
[INFO] Generating flattened POM of project cn.iocoder.boot:yudao-module-infra:jar:2026.06-SNAPSHOT...
[INFO] 
[INFO] --- compiler:3.14.0:compile (default-compile) @ yudao-module-infra ---
[INFO] Recompiling the module because of changed dependency.
[INFO] Compiling 208 source files with javac [target 17] to target/classes
[WARNING] /private/tmp/camera-rental-dispatch-evidence.2TJOZk/camera-rental-server/yudao-module-infra/src/main/java/cn/iocoder/yudao/module/infra/convert/file/FileConfigConvert.java:[20,18] Unmapped target property: "master".
[WARNING] /private/tmp/camera-rental-dispatch-evidence.2TJOZk/camera-rental-server/yudao-module-infra/src/main/java/cn/iocoder/yudao/module/infra/convert/codegen/CodegenConvert.java:[34,20] Unmapped target properties: "createTime, updateTime, creator, updater, deleted, id, dataSourceConfigId, scene, remark, moduleName, businessName, className, classComment, author, templateType, frontType, parentMenuId, masterTableId, subJoinColumnId, subJoinMany, treeParentColumnId, treeNameColumnId, transMap".
[WARNING] /private/tmp/camera-rental-dispatch-evidence.2TJOZk/camera-rental-server/yudao-module-infra/src/main/java/cn/iocoder/yudao/module/infra/convert/codegen/CodegenConvert.java:[47,21] Unmapped target properties: "createTime, updateTime, creator, updater, deleted, id, tableId, ordinalPosition, dictType, example, createOperation, updateOperation, listOperation, listOperationCondition, listOperationResult, htmlType, transMap".
[WARNING] /private/tmp/camera-rental-dispatch-evidence.2TJOZk/camera-rental-server/yudao-module-infra/src/main/java/cn/iocoder/yudao/module/infra/convert/config/ConfigConvert.java:[26,14] Unmapped target properties: "createTime, updateTime, creator, updater, deleted, type, transMap".
[INFO] 
[INFO] --- resources:3.3.1:testResources (default-testResources) @ yudao-module-infra ---
[INFO] Copying 809 resources from src/test/resources to target/test-classes
[INFO] 
[INFO] --- compiler:3.14.0:testCompile (default-testCompile) @ yudao-module-infra ---
[INFO] Recompiling the module because of changed dependency.
[INFO] Compiling 26 source files with javac [target 17] to target/test-classes
[INFO] 
[INFO] --- surefire:3.5.3:test (default-test) @ yudao-module-infra ---
[INFO] 
[INFO] ----------------< cn.iocoder.boot:yudao-module-system >-----------------
[INFO] Building yudao-module-system 2026.06-SNAPSHOT                    [19/24]
[INFO]   from yudao-module-system/pom.xml
[INFO] --------------------------------[ jar ]---------------------------------
[INFO] 
[INFO] --- resources:3.3.1:resources (default-resources) @ yudao-module-system ---
[INFO] Copying 37 resources from src/main/resources to target/classes
[INFO] 
[INFO] --- flatten:1.7.2:flatten (flatten) @ yudao-module-system ---
[INFO] Generating flattened POM of project cn.iocoder.boot:yudao-module-system:jar:2026.06-SNAPSHOT...
[INFO] 
[INFO] --- compiler:3.14.0:compile (default-compile) @ yudao-module-system ---
[INFO] Recompiling the module because of changed dependency.
[INFO] Compiling 419 source files with javac [target 17] to target/classes
[WARNING] /private/tmp/camera-rental-dispatch-evidence.2TJOZk/camera-rental-server/yudao-module-system/src/main/java/cn/iocoder/yudao/module/system/convert/auth/AuthConvert.java:[82,26] Unmapped target property: "socialType".
[WARNING] /private/tmp/camera-rental-dispatch-evidence.2TJOZk/camera-rental-server/yudao-module-system/src/main/java/cn/iocoder/yudao/module/system/convert/auth/AuthConvert.java:[84,23] Unmapped target property: "createIp".
[INFO] /private/tmp/camera-rental-dispatch-evidence.2TJOZk/camera-rental-server/yudao-module-system/src/main/java/cn/iocoder/yudao/module/system/framework/justauth/core/AuthRequestFactory.java: /private/tmp/camera-rental-dispatch-evidence.2TJOZk/camera-rental-server/yudao-module-system/src/main/java/cn/iocoder/yudao/module/system/framework/justauth/core/AuthRequestFactory.java使用或覆盖了已过时的 API。
[INFO] /private/tmp/camera-rental-dispatch-evidence.2TJOZk/camera-rental-server/yudao-module-system/src/main/java/cn/iocoder/yudao/module/system/framework/justauth/core/AuthRequestFactory.java: 有关详细信息, 请使用 -Xlint:deprecation 重新编译。
[INFO] /private/tmp/camera-rental-dispatch-evidence.2TJOZk/camera-rental-server/yudao-module-system/src/main/java/cn/iocoder/yudao/module/system/controller/admin/oauth2/OAuth2OpenController.java: /private/tmp/camera-rental-dispatch-evidence.2TJOZk/camera-rental-server/yudao-module-system/src/main/java/cn/iocoder/yudao/module/system/controller/admin/oauth2/OAuth2OpenController.java使用了未经检查或不安全的操作。
[INFO] /private/tmp/camera-rental-dispatch-evidence.2TJOZk/camera-rental-server/yudao-module-system/src/main/java/cn/iocoder/yudao/module/system/controller/admin/oauth2/OAuth2OpenController.java: 有关详细信息, 请使用 -Xlint:unchecked 重新编译。
[INFO] 
[INFO] --- resources:3.3.1:testResources (default-testResources) @ yudao-module-system ---
[INFO] Copying 4 resources from src/test/resources to target/test-classes
[INFO] 
[INFO] --- compiler:3.14.0:testCompile (default-testCompile) @ yudao-module-system ---
[INFO] Recompiling the module because of changed dependency.
[INFO] Compiling 39 source files with javac [target 17] to target/test-classes
[INFO] 
[INFO] --- surefire:3.5.3:test (default-test) @ yudao-module-system ---
[INFO] 
[INFO] ----------------< cn.iocoder.boot:yudao-module-rental >-----------------
[INFO] Building yudao-module-rental 2026.06-SNAPSHOT                    [20/24]
[INFO]   from yudao-module-rental/pom.xml
[INFO] --------------------------------[ pom ]---------------------------------
[INFO] 
[INFO] --- flatten:1.7.2:flatten (flatten) @ yudao-module-rental ---
[INFO] Generating flattened POM of project cn.iocoder.boot:yudao-module-rental:pom:2026.06-SNAPSHOT...
[INFO] 
[INFO] --------------< cn.iocoder.boot:yudao-module-rental-api >---------------
[INFO] Building yudao-module-rental-api 2026.06-SNAPSHOT                [21/24]
[INFO]   from yudao-module-rental/yudao-module-rental-api/pom.xml
[INFO] --------------------------------[ jar ]---------------------------------
[INFO] 
[INFO] --- resources:3.3.1:resources (default-resources) @ yudao-module-rental-api ---
[INFO] skip non existing resourceDirectory /private/tmp/camera-rental-dispatch-evidence.2TJOZk/camera-rental-server/yudao-module-rental/yudao-module-rental-api/src/main/resources
[INFO] 
[INFO] --- flatten:1.7.2:flatten (flatten) @ yudao-module-rental-api ---
[INFO] Generating flattened POM of project cn.iocoder.boot:yudao-module-rental-api:jar:2026.06-SNAPSHOT...
[INFO] 
[INFO] --- compiler:3.14.0:compile (default-compile) @ yudao-module-rental-api ---
[INFO] Recompiling the module because of changed dependency.
[INFO] Compiling 3 source files with javac [target 17] to target/classes
[INFO] 
[INFO] --- resources:3.3.1:testResources (default-testResources) @ yudao-module-rental-api ---
[INFO] skip non existing resourceDirectory /private/tmp/camera-rental-dispatch-evidence.2TJOZk/camera-rental-server/yudao-module-rental/yudao-module-rental-api/src/test/resources
[INFO] 
[INFO] --- compiler:3.14.0:testCompile (default-testCompile) @ yudao-module-rental-api ---
[INFO] No sources to compile
[INFO] 
[INFO] --- surefire:3.5.3:test (default-test) @ yudao-module-rental-api ---
[INFO] No tests to run.
[INFO] 
[INFO] ------------------< cn.iocoder.boot:yudao-module-ai >-------------------
[INFO] Building yudao-module-ai 2026.06-SNAPSHOT                        [22/24]
[INFO]   from yudao-module-ai/pom.xml
[INFO] --------------------------------[ jar ]---------------------------------
[WARNING] 2 problems were encountered while building the effective model for org.apache.yetus:audience-annotations:jar:0.5.0 during dependency collection step for project (use -X to see details)
Downloading from ccs-public: http://nexus-rsg.ccssoft.center/repository/maven-public/com/nimbusds/lang-tag/maven-metadata.xml
Downloading from ccs-rsg-snapshot: http://nexus-rsg.ccssoft.center/repository/rsg-maven-snapshots-public/com/nimbusds/lang-tag/maven-metadata.xml
Downloading from ccs-rsg-releases: http://nexus-rsg.ccssoft.center/repository/rsg-maven-releases-public/com/nimbusds/lang-tag/maven-metadata.xml
Downloading from rsg-maven-snapshots-public: http://nexus.ccssoft.com.cn/repository/rsg-maven-snapshots-public/com/nimbusds/lang-tag/maven-metadata.xml
Downloading from cng-maven-snapshots-public: http://nexus.ccssoft.com.cn/repository/cng-maven-snapshots-public/com/nimbusds/lang-tag/maven-metadata.xml
Downloading from rsg-maven-releases-public: http://nexus.ccssoft.com.cn/repository/rsg-maven-releases-public/com/nimbusds/lang-tag/maven-metadata.xml
[WARNING] Could not transfer metadata com.nimbusds:lang-tag/maven-metadata.xml from/to ccs-public (http://nexus-rsg.ccssoft.center/repository/maven-public/): nexus-rsg.ccssoft.center
[WARNING] Could not transfer metadata com.nimbusds:lang-tag/maven-metadata.xml from/to ccs-rsg-releases (http://nexus-rsg.ccssoft.center/repository/rsg-maven-releases-public/): nexus-rsg.ccssoft.center
[WARNING] Could not transfer metadata com.nimbusds:lang-tag/maven-metadata.xml from/to ccs-rsg-snapshot (http://nexus-rsg.ccssoft.center/repository/rsg-maven-snapshots-public/): nexus-rsg.ccssoft.center: nodename nor servname provided, or not known
[WARNING] Could not transfer metadata com.nimbusds:lang-tag/maven-metadata.xml from/to rsg-maven-snapshots-public (http://nexus.ccssoft.com.cn/repository/rsg-maven-snapshots-public): Connect to nexus.ccssoft.com.cn:80 [nexus.ccssoft.com.cn/172.22.1.180] failed: Connect timed out
[WARNING] Could not transfer metadata com.nimbusds:lang-tag/maven-metadata.xml from/to cng-maven-snapshots-public (http://nexus.ccssoft.com.cn/repository/cng-maven-snapshots-public): Connect to nexus.ccssoft.com.cn:80 [nexus.ccssoft.com.cn/172.22.1.180] failed: Connect timed out
[WARNING] Could not transfer metadata com.nimbusds:lang-tag/maven-metadata.xml from/to rsg-maven-releases-public (http://nexus.ccssoft.com.cn/repository/rsg-maven-releases-public): Connect to nexus.ccssoft.com.cn:80 [nexus.ccssoft.com.cn/172.22.1.180] failed: Connect timed out
Downloading from ccs-public: http://nexus-rsg.ccssoft.center/repository/maven-public/com/nimbusds/nimbus-jose-jwt/maven-metadata.xml
Downloading from ccs-rsg-releases: http://nexus-rsg.ccssoft.center/repository/rsg-maven-releases-public/com/nimbusds/nimbus-jose-jwt/maven-metadata.xml
Downloading from rsg-maven-snapshots-public: http://nexus.ccssoft.com.cn/repository/rsg-maven-snapshots-public/com/nimbusds/nimbus-jose-jwt/maven-metadata.xml
Downloading from ccs-rsg-snapshot: http://nexus-rsg.ccssoft.center/repository/rsg-maven-snapshots-public/com/nimbusds/nimbus-jose-jwt/maven-metadata.xml
Downloading from cng-maven-snapshots-public: http://nexus.ccssoft.com.cn/repository/cng-maven-snapshots-public/com/nimbusds/nimbus-jose-jwt/maven-metadata.xml
Downloading from rsg-maven-releases-public: http://nexus.ccssoft.com.cn/repository/rsg-maven-releases-public/com/nimbusds/nimbus-jose-jwt/maven-metadata.xml
[WARNING] Could not transfer metadata com.nimbusds:nimbus-jose-jwt/maven-metadata.xml from/to ccs-public (http://nexus-rsg.ccssoft.center/repository/maven-public/): nexus-rsg.ccssoft.center
[WARNING] Could not transfer metadata com.nimbusds:nimbus-jose-jwt/maven-metadata.xml from/to ccs-rsg-releases (http://nexus-rsg.ccssoft.center/repository/rsg-maven-releases-public/): nexus-rsg.ccssoft.center: nodename nor servname provided, or not known
[WARNING] Could not transfer metadata com.nimbusds:nimbus-jose-jwt/maven-metadata.xml from/to ccs-rsg-snapshot (http://nexus-rsg.ccssoft.center/repository/rsg-maven-snapshots-public/): nexus-rsg.ccssoft.center
[WARNING] Could not transfer metadata com.nimbusds:nimbus-jose-jwt/maven-metadata.xml from/to rsg-maven-snapshots-public (http://nexus.ccssoft.com.cn/repository/rsg-maven-snapshots-public): Connect to nexus.ccssoft.com.cn:80 [nexus.ccssoft.com.cn/172.22.1.180] failed: Connect timed out
[WARNING] Could not transfer metadata com.nimbusds:nimbus-jose-jwt/maven-metadata.xml from/to cng-maven-snapshots-public (http://nexus.ccssoft.com.cn/repository/cng-maven-snapshots-public): Connect to nexus.ccssoft.com.cn:80 [nexus.ccssoft.com.cn/172.22.1.180] failed: Connect timed out
[WARNING] Could not transfer metadata com.nimbusds:nimbus-jose-jwt/maven-metadata.xml from/to rsg-maven-releases-public (http://nexus.ccssoft.com.cn/repository/rsg-maven-releases-public): Connect to nexus.ccssoft.com.cn:80 [nexus.ccssoft.com.cn/172.22.1.180] failed: Connect timed out
[INFO] 
[INFO] --- resources:3.3.1:resources (default-resources) @ yudao-module-ai ---
[INFO] skip non existing resourceDirectory /private/tmp/camera-rental-dispatch-evidence.2TJOZk/camera-rental-server/yudao-module-ai/src/main/resources
[INFO] 
[INFO] --- flatten:1.7.2:flatten (flatten) @ yudao-module-ai ---
[INFO] Generating flattened POM of project cn.iocoder.boot:yudao-module-ai:jar:2026.06-SNAPSHOT...
[INFO] 
[INFO] --- compiler:3.14.0:compile (default-compile) @ yudao-module-ai ---
[INFO] Recompiling the module because of changed dependency.
[INFO] Compiling 186 source files with javac [target 17] to target/classes
[WARNING] /private/tmp/camera-rental-dispatch-evidence.2TJOZk/camera-rental-server/yudao-module-ai/src/main/java/cn/iocoder/yudao/module/ai/framework/ai/core/model/siliconflow/SiliconFlowImageOptions.java:[37,21] @Builder will ignore the initializing expression entirely. If you want the initializing expression to serve as default, add @Builder.Default. If it is not supposed to be settable during building, make the field final.
[WARNING] /private/tmp/camera-rental-dispatch-evidence.2TJOZk/camera-rental-server/yudao-module-ai/src/main/java/cn/iocoder/yudao/module/ai/framework/ai/core/model/siliconflow/SiliconFlowImageOptions.java:[43,21] @Builder will ignore the initializing expression entirely. If you want the initializing expression to serve as default, add @Builder.Default. If it is not supposed to be settable during building, make the field final.
[WARNING] /private/tmp/camera-rental-dispatch-evidence.2TJOZk/camera-rental-server/yudao-module-ai/src/main/java/cn/iocoder/yudao/module/ai/framework/ai/core/model/siliconflow/SiliconFlowImageOptions.java:[51,19] @Builder will ignore the initializing expression entirely. If you want the initializing expression to serve as default, add @Builder.Default. If it is not supposed to be settable during building, make the field final.
[WARNING] /private/tmp/camera-rental-dispatch-evidence.2TJOZk/camera-rental-server/yudao-module-ai/src/main/java/cn/iocoder/yudao/module/ai/framework/ai/core/model/siliconflow/SiliconFlowImageOptions.java:[58,21] @Builder will ignore the initializing expression entirely. If you want the initializing expression to serve as default, add @Builder.Default. If it is not supposed to be settable during building, make the field final.
[INFO] /private/tmp/camera-rental-dispatch-evidence.2TJOZk/camera-rental-server/yudao-module-ai/src/main/java/cn/iocoder/yudao/module/ai/framework/ai/core/model/AiModelFactoryImpl.java: 某些输入文件使用或覆盖了已过时的 API。
[INFO] /private/tmp/camera-rental-dispatch-evidence.2TJOZk/camera-rental-server/yudao-module-ai/src/main/java/cn/iocoder/yudao/module/ai/framework/ai/core/model/AiModelFactoryImpl.java: 有关详细信息, 请使用 -Xlint:deprecation 重新编译。
[INFO] 
[INFO] --- resources:3.3.1:testResources (default-testResources) @ yudao-module-ai ---
[INFO] skip non existing resourceDirectory /private/tmp/camera-rental-dispatch-evidence.2TJOZk/camera-rental-server/yudao-module-ai/src/test/resources
[INFO] 
[INFO] --- compiler:3.14.0:testCompile (default-testCompile) @ yudao-module-ai ---
[INFO] Recompiling the module because of changed dependency.
[INFO] Compiling 33 source files with javac [target 17] to target/test-classes
[INFO] 
[INFO] --- surefire:3.5.3:test (default-test) @ yudao-module-ai ---
[INFO] 
[INFO] ------------------< cn.iocoder.boot:yudao-module-erp >------------------
[INFO] Building yudao-module-erp 2026.06-SNAPSHOT                       [23/24]
[INFO]   from yudao-module-erp/pom.xml
[INFO] --------------------------------[ jar ]---------------------------------
[INFO] 
[INFO] --- resources:3.3.1:resources (default-resources) @ yudao-module-erp ---
[INFO] Copying 2 resources from src/main/resources to target/classes
[INFO] 
[INFO] --- flatten:1.7.2:flatten (flatten) @ yudao-module-erp ---
[INFO] Generating flattened POM of project cn.iocoder.boot:yudao-module-erp:jar:2026.06-SNAPSHOT...
[INFO] 
[INFO] --- compiler:3.14.0:compile (default-compile) @ yudao-module-erp ---
[INFO] Recompiling the module because of changed dependency.
[INFO] Compiling 216 source files with javac [target 17] to target/classes
[INFO] 
[INFO] --- resources:3.3.1:testResources (default-testResources) @ yudao-module-erp ---
[INFO] skip non existing resourceDirectory /private/tmp/camera-rental-dispatch-evidence.2TJOZk/camera-rental-server/yudao-module-erp/src/test/resources
[INFO] 
[INFO] --- compiler:3.14.0:testCompile (default-testCompile) @ yudao-module-erp ---
[INFO] No sources to compile
[INFO] 
[INFO] --- surefire:3.5.3:test (default-test) @ yudao-module-erp ---
[INFO] No tests to run.
[INFO] 
[INFO] --------------< cn.iocoder.boot:yudao-module-rental-biz >---------------
[INFO] Building yudao-module-rental-biz 2026.06-SNAPSHOT                [24/24]
[INFO]   from yudao-module-rental/yudao-module-rental-biz/pom.xml
[INFO] --------------------------------[ jar ]---------------------------------
[WARNING] com.nimbusds:lang-tag/maven-metadata.xml failed to transfer from http://nexus-rsg.ccssoft.center/repository/maven-public/ during a previous attempt. This failure was cached in the local repository and resolution will not be reattempted until the update interval of ccs-public has elapsed or updates are forced. Original error: Could not transfer metadata com.nimbusds:lang-tag/maven-metadata.xml from/to ccs-public (http://nexus-rsg.ccssoft.center/repository/maven-public/): nexus-rsg.ccssoft.center
[WARNING] com.nimbusds:lang-tag/maven-metadata.xml failed to transfer from http://nexus-rsg.ccssoft.center/repository/rsg-maven-releases-public/ during a previous attempt. This failure was cached in the local repository and resolution will not be reattempted until the update interval of ccs-rsg-releases has elapsed or updates are forced. Original error: Could not transfer metadata com.nimbusds:lang-tag/maven-metadata.xml from/to ccs-rsg-releases (http://nexus-rsg.ccssoft.center/repository/rsg-maven-releases-public/): nexus-rsg.ccssoft.center
[WARNING] com.nimbusds:lang-tag/maven-metadata.xml failed to transfer from http://nexus-rsg.ccssoft.center/repository/rsg-maven-snapshots-public/ during a previous attempt. This failure was cached in the local repository and resolution will not be reattempted until the update interval of ccs-rsg-snapshot has elapsed or updates are forced. Original error: Could not transfer metadata com.nimbusds:lang-tag/maven-metadata.xml from/to ccs-rsg-snapshot (http://nexus-rsg.ccssoft.center/repository/rsg-maven-snapshots-public/): nexus-rsg.ccssoft.center: nodename nor servname provided, or not known
[WARNING] com.nimbusds:lang-tag/maven-metadata.xml failed to transfer from http://nexus.ccssoft.com.cn/repository/rsg-maven-snapshots-public during a previous attempt. This failure was cached in the local repository and resolution will not be reattempted until the update interval of rsg-maven-snapshots-public has elapsed or updates are forced. Original error: Could not transfer metadata com.nimbusds:lang-tag/maven-metadata.xml from/to rsg-maven-snapshots-public (http://nexus.ccssoft.com.cn/repository/rsg-maven-snapshots-public): Connect to nexus.ccssoft.com.cn:80 [nexus.ccssoft.com.cn/172.22.1.180] failed: Connect timed out
[WARNING] com.nimbusds:lang-tag/maven-metadata.xml failed to transfer from http://nexus.ccssoft.com.cn/repository/cng-maven-snapshots-public during a previous attempt. This failure was cached in the local repository and resolution will not be reattempted until the update interval of cng-maven-snapshots-public has elapsed or updates are forced. Original error: Could not transfer metadata com.nimbusds:lang-tag/maven-metadata.xml from/to cng-maven-snapshots-public (http://nexus.ccssoft.com.cn/repository/cng-maven-snapshots-public): Connect to nexus.ccssoft.com.cn:80 [nexus.ccssoft.com.cn/172.22.1.180] failed: Connect timed out
[WARNING] com.nimbusds:lang-tag/maven-metadata.xml failed to transfer from http://nexus.ccssoft.com.cn/repository/rsg-maven-releases-public during a previous attempt. This failure was cached in the local repository and resolution will not be reattempted until the update interval of rsg-maven-releases-public has elapsed or updates are forced. Original error: Could not transfer metadata com.nimbusds:lang-tag/maven-metadata.xml from/to rsg-maven-releases-public (http://nexus.ccssoft.com.cn/repository/rsg-maven-releases-public): Connect to nexus.ccssoft.com.cn:80 [nexus.ccssoft.com.cn/172.22.1.180] failed: Connect timed out
[WARNING] com.nimbusds:nimbus-jose-jwt/maven-metadata.xml failed to transfer from http://nexus-rsg.ccssoft.center/repository/maven-public/ during a previous attempt. This failure was cached in the local repository and resolution will not be reattempted until the update interval of ccs-public has elapsed or updates are forced. Original error: Could not transfer metadata com.nimbusds:nimbus-jose-jwt/maven-metadata.xml from/to ccs-public (http://nexus-rsg.ccssoft.center/repository/maven-public/): nexus-rsg.ccssoft.center
[WARNING] com.nimbusds:nimbus-jose-jwt/maven-metadata.xml failed to transfer from http://nexus-rsg.ccssoft.center/repository/rsg-maven-releases-public/ during a previous attempt. This failure was cached in the local repository and resolution will not be reattempted until the update interval of ccs-rsg-releases has elapsed or updates are forced. Original error: Could not transfer metadata com.nimbusds:nimbus-jose-jwt/maven-metadata.xml from/to ccs-rsg-releases (http://nexus-rsg.ccssoft.center/repository/rsg-maven-releases-public/): nexus-rsg.ccssoft.center: nodename nor servname provided, or not known
[WARNING] com.nimbusds:nimbus-jose-jwt/maven-metadata.xml failed to transfer from http://nexus-rsg.ccssoft.center/repository/rsg-maven-snapshots-public/ during a previous attempt. This failure was cached in the local repository and resolution will not be reattempted until the update interval of ccs-rsg-snapshot has elapsed or updates are forced. Original error: Could not transfer metadata com.nimbusds:nimbus-jose-jwt/maven-metadata.xml from/to ccs-rsg-snapshot (http://nexus-rsg.ccssoft.center/repository/rsg-maven-snapshots-public/): nexus-rsg.ccssoft.center
[WARNING] com.nimbusds:nimbus-jose-jwt/maven-metadata.xml failed to transfer from http://nexus.ccssoft.com.cn/repository/rsg-maven-snapshots-public during a previous attempt. This failure was cached in the local repository and resolution will not be reattempted until the update interval of rsg-maven-snapshots-public has elapsed or updates are forced. Original error: Could not transfer metadata com.nimbusds:nimbus-jose-jwt/maven-metadata.xml from/to rsg-maven-snapshots-public (http://nexus.ccssoft.com.cn/repository/rsg-maven-snapshots-public): Connect to nexus.ccssoft.com.cn:80 [nexus.ccssoft.com.cn/172.22.1.180] failed: Connect timed out
[WARNING] com.nimbusds:nimbus-jose-jwt/maven-metadata.xml failed to transfer from http://nexus.ccssoft.com.cn/repository/cng-maven-snapshots-public during a previous attempt. This failure was cached in the local repository and resolution will not be reattempted until the update interval of cng-maven-snapshots-public has elapsed or updates are forced. Original error: Could not transfer metadata com.nimbusds:nimbus-jose-jwt/maven-metadata.xml from/to cng-maven-snapshots-public (http://nexus.ccssoft.com.cn/repository/cng-maven-snapshots-public): Connect to nexus.ccssoft.com.cn:80 [nexus.ccssoft.com.cn/172.22.1.180] failed: Connect timed out
[WARNING] com.nimbusds:nimbus-jose-jwt/maven-metadata.xml failed to transfer from http://nexus.ccssoft.com.cn/repository/rsg-maven-releases-public during a previous attempt. This failure was cached in the local repository and resolution will not be reattempted until the update interval of rsg-maven-releases-public has elapsed or updates are forced. Original error: Could not transfer metadata com.nimbusds:nimbus-jose-jwt/maven-metadata.xml from/to rsg-maven-releases-public (http://nexus.ccssoft.com.cn/repository/rsg-maven-releases-public): Connect to nexus.ccssoft.com.cn:80 [nexus.ccssoft.com.cn/172.22.1.180] failed: Connect timed out
[INFO] 
[INFO] --- resources:3.3.1:resources (default-resources) @ yudao-module-rental-biz ---
[INFO] Copying 2 resources from src/main/resources to target/classes
[INFO] 
[INFO] --- flatten:1.7.2:flatten (flatten) @ yudao-module-rental-biz ---
[INFO] Generating flattened POM of project cn.iocoder.boot:yudao-module-rental-biz:jar:2026.06-SNAPSHOT...
[INFO] 
[INFO] --- compiler:3.14.0:compile (default-compile) @ yudao-module-rental-biz ---
[INFO] Recompiling the module because of changed dependency.
[INFO] Compiling 386 source files with javac [target 17] to target/classes
[INFO] /private/tmp/camera-rental-dispatch-evidence.2TJOZk/camera-rental-server/yudao-module-rental/yudao-module-rental-biz/src/main/java/cn/iocoder/yudao/module/rental/service/admin/XianyuRawPayloadAdminService.java: /private/tmp/camera-rental-dispatch-evidence.2TJOZk/camera-rental-server/yudao-module-rental/yudao-module-rental-biz/src/main/java/cn/iocoder/yudao/module/rental/service/admin/XianyuRawPayloadAdminService.java使用或覆盖了已过时的 API。
[INFO] /private/tmp/camera-rental-dispatch-evidence.2TJOZk/camera-rental-server/yudao-module-rental/yudao-module-rental-biz/src/main/java/cn/iocoder/yudao/module/rental/service/admin/XianyuRawPayloadAdminService.java: 有关详细信息, 请使用 -Xlint:deprecation 重新编译。
[INFO] 
[INFO] --- resources:3.3.1:testResources (default-testResources) @ yudao-module-rental-biz ---
[INFO] skip non existing resourceDirectory /private/tmp/camera-rental-dispatch-evidence.2TJOZk/camera-rental-server/yudao-module-rental/yudao-module-rental-biz/src/test/resources
[INFO] 
[INFO] --- compiler:3.14.0:testCompile (default-testCompile) @ yudao-module-rental-biz ---
[INFO] Recompiling the module because of changed dependency.
[INFO] Compiling 118 source files with javac [target 17] to target/test-classes
[INFO] /private/tmp/camera-rental-dispatch-evidence.2TJOZk/camera-rental-server/yudao-module-rental/yudao-module-rental-biz/src/test/java/cn/iocoder/yudao/module/rental/integration/xianyu/webhook/XianyuPushEventPublisherTest.java: 某些输入文件使用了未经检查或不安全的操作。
[INFO] /private/tmp/camera-rental-dispatch-evidence.2TJOZk/camera-rental-server/yudao-module-rental/yudao-module-rental-biz/src/test/java/cn/iocoder/yudao/module/rental/integration/xianyu/webhook/XianyuPushEventPublisherTest.java: 有关详细信息, 请使用 -Xlint:unchecked 重新编译。
[INFO] 
[INFO] --- surefire:3.5.3:test (default-test) @ yudao-module-rental-biz ---
[INFO] Using auto detected provider org.apache.maven.surefire.junitplatform.JUnitPlatformProvider
[INFO] 
[INFO] -------------------------------------------------------
[INFO]  T E S T S
[INFO] -------------------------------------------------------
[INFO] Running cn.iocoder.yudao.module.rental.service.admin.XianyuOrderShipServiceTest
[INFO] Tests run: 35, Failures: 0, Errors: 0, Skipped: 0, Time elapsed: 2.730 s -- in cn.iocoder.yudao.module.rental.service.admin.XianyuOrderShipServiceTest
[INFO] 
[INFO] Results:
[INFO] 
[INFO] Tests run: 35, Failures: 0, Errors: 0, Skipped: 0
[INFO] 
[INFO] ------------------------------------------------------------------------
[INFO] Reactor Summary for yudao 2026.06-SNAPSHOT:
[INFO] 
[INFO] yudao .............................................. SUCCESS [  0.233 s]
[INFO] yudao-framework .................................... SUCCESS [  0.094 s]
[INFO] yudao-common ....................................... SUCCESS [  3.830 s]
[INFO] yudao-spring-boot-starter-web ...................... SUCCESS [  1.737 s]
[INFO] yudao-spring-boot-starter-security ................. SUCCESS [  0.827 s]
[INFO] yudao-spring-boot-starter-mybatis .................. SUCCESS [  2.570 s]
[INFO] yudao-spring-boot-starter-redis .................... SUCCESS [  0.652 s]
[INFO] yudao-spring-boot-starter-mq ....................... SUCCESS [  1.117 s]
[INFO] yudao-spring-boot-starter-job ...................... SUCCESS [  0.481 s]
[INFO] yudao-spring-boot-starter-test ..................... SUCCESS [  0.660 s]
[INFO] yudao-spring-boot-starter-biz-tenant ............... SUCCESS [  1.395 s]
[INFO] yudao-spring-boot-starter-websocket ................ SUCCESS [  1.243 s]
[INFO] yudao-spring-boot-starter-monitor .................. SUCCESS [  0.569 s]
[INFO] yudao-spring-boot-starter-protection ............... SUCCESS [  1.301 s]
[INFO] yudao-spring-boot-starter-biz-ip ................... SUCCESS [  1.275 s]
[INFO] yudao-spring-boot-starter-excel .................... SUCCESS [  1.243 s]
[INFO] yudao-spring-boot-starter-biz-data-permission ...... SUCCESS [  1.256 s]
[INFO] yudao-module-infra ................................. SUCCESS [  5.688 s]
[INFO] yudao-module-system ................................ SUCCESS [  7.042 s]
[INFO] yudao-module-rental ................................ SUCCESS [  0.041 s]
[INFO] yudao-module-rental-api ............................ SUCCESS [  0.439 s]
[INFO] yudao-module-ai .................................... SUCCESS [ 29.912 s]
[INFO] yudao-module-erp ................................... SUCCESS [  4.615 s]
[INFO] yudao-module-rental-biz ............................ SUCCESS [ 10.480 s]
[INFO] ------------------------------------------------------------------------
[INFO] BUILD SUCCESS
[INFO] ------------------------------------------------------------------------
[INFO] Total time:  01:19 min
[INFO] Finished at: 2026-08-24T15:48:05+08:00
[INFO] ------------------------------------------------------------------------


## stderr
OpenJDK 64-Bit Server VM warning: Sharing is only supported for boot loader classes because bootstrap classpath has been appended

