# command: cd camera-rental-web && bun test tests/return-registration.test.ts && bunx nuxi typecheck && bun run build
# exit_status: 0
# duration_ms: 14438

## stdout
bun test v1.3.11 (af24e281)
┌  Building Nuxt for production...
│
●  Nuxt 4.5.0 (with Nitro 2.13.4, Vite 8.1.5 and Vue 3.5.40)
│
●  Nitro preset: node-server
ℹ Building client...
ℹ vite v8.1.5 building client environment for production...
[2Ktransforming...✓ 172 modules transformed.
rendering chunks...
computing gzip size...
ℹ node_modules/.cache/nuxt/.nuxt/dist/client/manifest.json                  2.53 kB │ gzip:  0.52 kB
node_modules/.cache/nuxt/.nuxt/dist/client/_nuxt/pages.BDu0gEBd.css       0.50 kB │ gzip:  0.30 kB
node_modules/.cache/nuxt/.nuxt/dist/client/_nuxt/error-500.BG9pmads.css   1.90 kB │ gzip:  0.72 kB
node_modules/.cache/nuxt/.nuxt/dist/client/_nuxt/error-404.DjFB7pgG.css   2.42 kB │ gzip:  0.85 kB
node_modules/.cache/nuxt/.nuxt/dist/client/_nuxt/return.CwszETO1.css      7.30 kB │ gzip:  1.93 kB
node_modules/.cache/nuxt/.nuxt/dist/client/_nuxt/entry.DT8RfgkX.css      13.36 kB │ gzip:  3.58 kB
node_modules/.cache/nuxt/.nuxt/dist/client/_nuxt/BzJ8yTbk.js              0.22 kB │ gzip:  0.19 kB
node_modules/.cache/nuxt/.nuxt/dist/client/_nuxt/DndkDT-a.js              0.43 kB │ gzip:  0.38 kB
node_modules/.cache/nuxt/.nuxt/dist/client/_nuxt/B6FCPQb2.js              3.40 kB │ gzip:  1.53 kB
node_modules/.cache/nuxt/.nuxt/dist/client/_nuxt/XxIlpwpU.js              4.49 kB │ gzip:  1.97 kB
node_modules/.cache/nuxt/.nuxt/dist/client/_nuxt/B6rYHuPQ.js              8.29 kB │ gzip:  3.39 kB
node_modules/.cache/nuxt/.nuxt/dist/client/_nuxt/D9S9J7Kz.js              9.41 kB │ gzip:  3.81 kB
node_modules/.cache/nuxt/.nuxt/dist/client/_nuxt/Bzk2SD8e.js             22.84 kB │ gzip:  9.02 kB
node_modules/.cache/nuxt/.nuxt/dist/client/_nuxt/1UTAfUmj.js             73.58 kB │ gzip: 28.60 kB
node_modules/.cache/nuxt/.nuxt/dist/client/_nuxt/MJYGHtdL.js             91.85 kB │ gzip: 33.99 kB

ℹ ✓ built in 1.21s
✔ Client built in 1248ms
ℹ Building server...
ℹ vite v8.1.5 building ssr environment for production...
[2Ktransforming...✓ 85 modules transformed.
rendering chunks...
ℹ node_modules/.cache/nuxt/.nuxt/dist/server/_nuxt/index-styles.OYsPLjlc.mjs            0.08 kB
node_modules/.cache/nuxt/.nuxt/dist/server/_nuxt/index-styles-2.CMQ4xf4M.mjs          0.08 kB
node_modules/.cache/nuxt/.nuxt/dist/server/_nuxt/error-404-styles.CMKixN0I.mjs        0.08 kB
node_modules/.cache/nuxt/.nuxt/dist/server/_nuxt/error-500-styles.ClZS4Tbf.mjs        0.08 kB
node_modules/.cache/nuxt/.nuxt/dist/server/styles.mjs                                 0.53 kB
node_modules/.cache/nuxt/.nuxt/dist/server/_nuxt/utils-BIPN8YEF.js                    0.15 kB │ map:   1.45 kB
node_modules/.cache/nuxt/.nuxt/dist/server/_nuxt/index-styles-1.mjs-D7I0BPl-.js       0.81 kB │ map:   1.01 kB
node_modules/.cache/nuxt/.nuxt/dist/server/_nuxt/_token_-DUmrjS0W.js                  1.10 kB │ map:   0.51 kB
node_modules/.cache/nuxt/.nuxt/dist/server/_nuxt/pages-BUTdRS9v.js                    1.11 kB │ map:   1.05 kB
node_modules/.cache/nuxt/.nuxt/dist/server/_nuxt/error-500-styles-1.mjs-DuCiQTiv.js   2.28 kB │ map:   5.15 kB
node_modules/.cache/nuxt/.nuxt/dist/server/_nuxt/error-404-styles-1.mjs-DYpRxUVB.js   2.80 kB │ map:   5.79 kB
node_modules/.cache/nuxt/.nuxt/dist/server/_nuxt/error-500-DwOX5P1O.js                4.34 kB │ map:   5.45 kB
node_modules/.cache/nuxt/.nuxt/dist/server/_nuxt/nuxt-DNITP-s6.js                     6.59 kB │ map:  22.53 kB
node_modules/.cache/nuxt/.nuxt/dist/server/_nuxt/index-2-styles-1.mjs-bKGH5lU2.js     7.62 kB │ map:  19.87 kB
node_modules/.cache/nuxt/.nuxt/dist/server/_nuxt/error-404-DENKOyyh.js               14.17 kB │ map:  26.74 kB
node_modules/.cache/nuxt/.nuxt/dist/server/_nuxt/return-CowNLg8b.js                  27.91 kB │ map:  73.14 kB
node_modules/.cache/nuxt/.nuxt/dist/server/server.mjs                                33.38 kB │ map: 101.69 kB

ℹ ✓ built in 341ms
✔ Server built in 354ms
[nitro] ✔ Generated public .output/public
[nitro] ℹ Building Nuxt Nitro server (preset: node-server, compatibility date: 2025-07-15)
[nitro] ✔ Nuxt Nitro server built
  ├─ .output/server/chunks/_/error-500.mjs (5.08 kB) (2.08 kB gzip)
  ├─ .output/server/chunks/_/error-500.mjs.map (182 B) (154 B gzip)
  ├─ .output/server/chunks/build/_token_-DUmrjS0W.mjs (1.58 kB) (656 B gzip)
  ├─ .output/server/chunks/build/_token_-DUmrjS0W.mjs.map (189 B) (158 B gzip)
  ├─ .output/server/chunks/build/error-404-DENKOyyh.mjs (14.5 kB) (4.8 kB gzip)
  ├─ .output/server/chunks/build/error-404-DENKOyyh.mjs.map (202 B) (168 B gzip)
  ├─ .output/server/chunks/build/error-404-styles.CMKixN0I.mjs (2.86 kB) (1.07 kB gzip)
  ├─ .output/server/chunks/build/error-404-styles.CMKixN0I.mjs.map (317 B) (193 B gzip)
  ├─ .output/server/chunks/build/error-500-DwOX5P1O.mjs (4.8 kB) (2.02 kB gzip)
  ├─ .output/server/chunks/build/error-500-DwOX5P1O.mjs.map (202 B) (169 B gzip)
  ├─ .output/server/chunks/build/error-500-styles.ClZS4Tbf.mjs (2.33 kB) (943 B gzip)
  ├─ .output/server/chunks/build/error-500-styles.ClZS4Tbf.mjs.map (317 B) (191 B gzip)
  ├─ .output/server/chunks/build/index-styles-2.CMQ4xf4M.mjs (7.67 kB) (2.12 kB gzip)
  ├─ .output/server/chunks/build/index-styles-2.CMQ4xf4M.mjs.map (311 B) (194 B gzip)
  ├─ .output/server/chunks/build/index-styles.OYsPLjlc.mjs (856 B) (485 B gzip)
  ├─ .output/server/chunks/build/index-styles.OYsPLjlc.mjs.map (305 B) (188 B gzip)
  ├─ .output/server/chunks/build/pages-BUTdRS9v.mjs (1.57 kB) (815 B gzip)
  ├─ .output/server/chunks/build/pages-BUTdRS9v.mjs.map (185 B) (158 B gzip)
  ├─ .output/server/chunks/build/return-CowNLg8b.mjs (28.3 kB) (8.98 kB gzip)
  ├─ .output/server/chunks/build/return-CowNLg8b.mjs.map (205 B) (170 B gzip)
  ├─ .output/server/chunks/nitro/nitro.mjs (163 kB) (40.3 kB gzip)
  ├─ .output/server/chunks/nitro/nitro.mjs.map (3.09 kB) (760 B gzip)
  ├─ .output/server/chunks/routes/renderer.mjs (15.5 kB) (5.35 kB gzip)
  ├─ .output/server/chunks/routes/renderer.mjs.map (1.04 kB) (301 B gzip)
  ├─ .output/server/chunks/virtual/_virtual_spa-template.mjs (94 B) (100 B gzip)
  ├─ .output/server/chunks/virtual/_virtual_spa-template.mjs.map (90 B) (98 B gzip)
  ├─ .output/server/chunks/virtual/entry.mjs (48.6 kB) (13.3 kB gzip)
  ├─ .output/server/chunks/virtual/entry.mjs.map (457 B) (252 B gzip)
  ├─ .output/server/chunks/virtual/precomputed.mjs (6.56 kB) (939 B gzip)
  ├─ .output/server/chunks/virtual/precomputed.mjs.map (181 B) (150 B gzip)
  ├─ .output/server/chunks/virtual/styles.mjs (607 B) (290 B gzip)
  ├─ .output/server/chunks/virtual/styles.mjs.map (164 B) (142 B gzip)
  ├─ .output/server/index.mjs (353 B) (204 B gzip)
  └─ .output/server/package.json (874 B) (365 B gzip)
Σ Total size: 2.28 MB (579 kB gzip)
[nitro] ✔ You can preview this build using node .output/server/index.mjs
│
└  ✨ Build complete!


## stderr

tests/return-registration.test.ts:
(pass) customer return registration utilities > normalizes the physical short serial format [3.85ms]
(pass) customer return registration utilities > requires a model prefix and canonical 01-999 sequence [0.11ms]
(pass) customer return registration utilities > accepts every current return model prefix and the explicit stand code [0.70ms]
(pass) customer return registration utilities > allows submission without an optional packaging photo [0.51ms]
(pass) customer return registration utilities > provides both supported locales [0.41ms]
(pass) customer return registration utilities > explains that an unregistered machine code is saved for manual review [0.04ms]
(pass) customer return registration utilities > labels all three return methods in both locales [0.04ms]

 7 pass
 0 fail
 46 expect() calls
Ran 7 tests across 1 file. [140.00ms]
$ nuxt build

