# command: cd camera-rental-admin && node --test --experimental-strip-types tests/deviceCatalogModel.test.ts && pnpm ts:check
# exit_status: 0
# duration_ms: 23658

## stdout
TAP version 13
# (node:22547) [MODULE_TYPELESS_PACKAGE_JSON] Warning: Module type of file:///Volumes/zwl/camera-rental-github/camera-rental-admin/tests/deviceCatalogModel.test.ts is not specified and it doesn't parse as CommonJS.
# Reparsing as ES module because module syntax was detected. This incurs a performance overhead.
# To eliminate this warning, add "type": "module" to /Volumes/zwl/camera-rental-github/camera-rental-admin/package.json.
# (Use `node --trace-warnings ...` to show where the warning was created)
# Subtest: category selection exposes only backend-provided models
ok 1 - category selection exposes only backend-provided models
  ---
  duration_ms: 0.712167
  type: 'test'
  ...
# Subtest: model membership follows the selected category
ok 2 - model membership follows the selected category
  ---
  duration_ms: 0.0805
  type: 'test'
  ...
# Subtest: device number preview combines the backend prefix and administrator suffix
ok 3 - device number preview combines the backend prefix and administrator suffix
  ---
  duration_ms: 0.192917
  type: 'test'
  ...
1..3
# tests 3
# suites 0
# pass 3
# fail 0
# cancelled 0
# skipped 0
# todo 0
# duration_ms 86.624791


## stderr
$ node --max_old_space_size=8192 ./node_modules/vue-tsc/bin/vue-tsc.js --noEmit --incremental --tsBuildInfoFile node_modules/.cache/vue-tsc/tsconfig.tsbuildinfo

