# command: cd camera-rental-server && /Users/wenliang_zeng/workspace/tool/apache-maven-3.9.10/bin/mvn -o -Dmaven.repo.local=/Volumes/zwl/maven-repository -pl yudao-module-rental/yudao-module-rental-biz -am -Dtest=RentalDeviceAdminServiceTest,RentalDeviceDeletionGuardTest -Dsurefire.failIfNoSpecifiedTests=false test
# exit_status: 0
# duration_ms: 14628

## stdout
[INFO] Scanning for projects...
[INFO] ------------------------------------------------------------------------
[INFO] Reactor Build Order:
[INFO] 
[INFO] yudao                                                              [pom]
[INFO] yudao-framework                                                    [pom]
[INFO] yudao-common                                                       [jar]
[INFO] yudao-spring-boot-starter-web                                      [jar]
[INFO] yudao-spring-boot-starter-security                                 [jar]
[INFO] yudao-spring-boot-starter-mybatis                                  [jar]
[INFO] yudao-spring-boot-starter-redis                                    [jar]
[INFO] yudao-spring-boot-starter-mq                                       [jar]
[INFO] yudao-spring-boot-starter-job                                      [jar]
[INFO] yudao-spring-boot-starter-test                                     [jar]
[INFO] yudao-spring-boot-starter-biz-tenant                               [jar]
[INFO] yudao-spring-boot-starter-websocket                                [jar]
[INFO] yudao-spring-boot-starter-monitor                                  [jar]
[INFO] yudao-spring-boot-starter-protection                               [jar]
[INFO] yudao-spring-boot-starter-biz-ip                                   [jar]
[INFO] yudao-spring-boot-starter-excel                                    [jar]
[INFO] yudao-spring-boot-starter-biz-data-permission                      [jar]
[INFO] yudao-module-infra                                                 [jar]
[INFO] yudao-module-system                                                [jar]
[INFO] yudao-module-rental                                                [pom]
[INFO] yudao-module-rental-api                                            [jar]
[INFO] yudao-module-ai                                                    [jar]
[INFO] yudao-module-erp                                                   [jar]
[INFO] yudao-module-rental-biz                                            [jar]
[INFO] 
[INFO] -----------------------< cn.iocoder.boot:yudao >------------------------
[INFO] Building yudao 2026.06-SNAPSHOT                                   [1/24]
[INFO]   from pom.xml
[INFO] --------------------------------[ pom ]---------------------------------
[INFO] 
[INFO] --- flatten:1.7.2:flatten (flatten) @ yudao ---
[INFO] Generating flattened POM of project cn.iocoder.boot:yudao:pom:2026.06-SNAPSHOT...
[INFO] 
[INFO] ------------------< cn.iocoder.boot:yudao-framework >-------------------
[INFO] Building yudao-framework 2026.06-SNAPSHOT                         [2/24]
[INFO]   from yudao-framework/pom.xml
[INFO] --------------------------------[ pom ]---------------------------------
[INFO] 
[INFO] --- flatten:1.7.2:flatten (flatten) @ yudao-framework ---
[INFO] Generating flattened POM of project cn.iocoder.boot:yudao-framework:pom:2026.06-SNAPSHOT...
[INFO] 
[INFO] --------------------< cn.iocoder.boot:yudao-common >--------------------
[INFO] Building yudao-common 2026.06-SNAPSHOT                            [3/24]
[INFO]   from yudao-framework/yudao-common/pom.xml
[INFO] --------------------------------[ jar ]---------------------------------
[INFO] 
[INFO] --- resources:3.3.1:resources (default-resources) @ yudao-common ---
[INFO] skip non existing resourceDirectory /Volumes/zwl/camera-rental-github/camera-rental-server/yudao-framework/yudao-common/src/main/resources
[INFO] 
[INFO] --- flatten:1.7.2:flatten (flatten) @ yudao-common ---
[INFO] Generating flattened POM of project cn.iocoder.boot:yudao-common:jar:2026.06-SNAPSHOT...
[INFO] 
[INFO] --- compiler:3.14.0:compile (default-compile) @ yudao-common ---
[INFO] Nothing to compile - all classes are up to date.
[INFO] 
[INFO] --- resources:3.3.1:testResources (default-testResources) @ yudao-common ---
[INFO] skip non existing resourceDirectory /Volumes/zwl/camera-rental-github/camera-rental-server/yudao-framework/yudao-common/src/test/resources
[INFO] 
[INFO] --- compiler:3.14.0:testCompile (default-testCompile) @ yudao-common ---
[INFO] Nothing to compile - all classes are up to date.
[INFO] 
[INFO] --- surefire:3.5.3:test (default-test) @ yudao-common ---
[INFO] 
[INFO] -----------< cn.iocoder.boot:yudao-spring-boot-starter-web >------------
[INFO] Building yudao-spring-boot-starter-web 2026.06-SNAPSHOT           [4/24]
[INFO]   from yudao-framework/yudao-spring-boot-starter-web/pom.xml
[INFO] --------------------------------[ jar ]---------------------------------
[INFO] 
[INFO] --- resources:3.3.1:resources (default-resources) @ yudao-spring-boot-starter-web ---
[INFO] Copying 2 resources from src/main/resources to target/classes
[INFO] 
[INFO] --- flatten:1.7.2:flatten (flatten) @ yudao-spring-boot-starter-web ---
[INFO] Generating flattened POM of project cn.iocoder.boot:yudao-spring-boot-starter-web:jar:2026.06-SNAPSHOT...
[INFO] 
[INFO] --- compiler:3.14.0:compile (default-compile) @ yudao-spring-boot-starter-web ---
[INFO] Nothing to compile - all classes are up to date.
[INFO] 
[INFO] --- resources:3.3.1:testResources (default-testResources) @ yudao-spring-boot-starter-web ---
[INFO] skip non existing resourceDirectory /Volumes/zwl/camera-rental-github/camera-rental-server/yudao-framework/yudao-spring-boot-starter-web/src/test/resources
[INFO] 
[INFO] --- compiler:3.14.0:testCompile (default-testCompile) @ yudao-spring-boot-starter-web ---
[INFO] Nothing to compile - all classes are up to date.
[INFO] 
[INFO] --- surefire:3.5.3:test (default-test) @ yudao-spring-boot-starter-web ---
[INFO] 
[INFO] ---------< cn.iocoder.boot:yudao-spring-boot-starter-security >---------
[INFO] Building yudao-spring-boot-starter-security 2026.06-SNAPSHOT      [5/24]
[INFO]   from yudao-framework/yudao-spring-boot-starter-security/pom.xml
[INFO] --------------------------------[ jar ]---------------------------------
[INFO] 
[INFO] --- resources:3.3.1:resources (default-resources) @ yudao-spring-boot-starter-security ---
[INFO] Copying 1 resource from src/main/resources to target/classes
[INFO] 
[INFO] --- flatten:1.7.2:flatten (flatten) @ yudao-spring-boot-starter-security ---
[INFO] Generating flattened POM of project cn.iocoder.boot:yudao-spring-boot-starter-security:jar:2026.06-SNAPSHOT...
[INFO] 
[INFO] --- compiler:3.14.0:compile (default-compile) @ yudao-spring-boot-starter-security ---
[INFO] Nothing to compile - all classes are up to date.
[INFO] 
[INFO] --- resources:3.3.1:testResources (default-testResources) @ yudao-spring-boot-starter-security ---
[INFO] skip non existing resourceDirectory /Volumes/zwl/camera-rental-github/camera-rental-server/yudao-framework/yudao-spring-boot-starter-security/src/test/resources
[INFO] 
[INFO] --- compiler:3.14.0:testCompile (default-testCompile) @ yudao-spring-boot-starter-security ---
[INFO] No sources to compile
[INFO] 
[INFO] --- surefire:3.5.3:test (default-test) @ yudao-spring-boot-starter-security ---
[INFO] 
[INFO] ---------< cn.iocoder.boot:yudao-spring-boot-starter-mybatis >----------
[INFO] Building yudao-spring-boot-starter-mybatis 2026.06-SNAPSHOT       [6/24]
[INFO]   from yudao-framework/yudao-spring-boot-starter-mybatis/pom.xml
[INFO] --------------------------------[ jar ]---------------------------------
[INFO] 
[INFO] --- resources:3.3.1:resources (default-resources) @ yudao-spring-boot-starter-mybatis ---
[INFO] Copying 2 resources from src/main/resources to target/classes
[INFO] 
[INFO] --- flatten:1.7.2:flatten (flatten) @ yudao-spring-boot-starter-mybatis ---
[INFO] Generating flattened POM of project cn.iocoder.boot:yudao-spring-boot-starter-mybatis:jar:2026.06-SNAPSHOT...
[INFO] 
[INFO] --- compiler:3.14.0:compile (default-compile) @ yudao-spring-boot-starter-mybatis ---
[INFO] Nothing to compile - all classes are up to date.
[INFO] 
[INFO] --- resources:3.3.1:testResources (default-testResources) @ yudao-spring-boot-starter-mybatis ---
[INFO] skip non existing resourceDirectory /Volumes/zwl/camera-rental-github/camera-rental-server/yudao-framework/yudao-spring-boot-starter-mybatis/src/test/resources
[INFO] 
[INFO] --- compiler:3.14.0:testCompile (default-testCompile) @ yudao-spring-boot-starter-mybatis ---
[INFO] Nothing to compile - all classes are up to date.
[INFO] 
[INFO] --- surefire:3.5.3:test (default-test) @ yudao-spring-boot-starter-mybatis ---
[INFO] 
[INFO] ----------< cn.iocoder.boot:yudao-spring-boot-starter-redis >-----------
[INFO] Building yudao-spring-boot-starter-redis 2026.06-SNAPSHOT         [7/24]
[INFO]   from yudao-framework/yudao-spring-boot-starter-redis/pom.xml
[INFO] --------------------------------[ jar ]---------------------------------
[INFO] 
[INFO] --- resources:3.3.1:resources (default-resources) @ yudao-spring-boot-starter-redis ---
[INFO] Copying 1 resource from src/main/resources to target/classes
[INFO] 
[INFO] --- flatten:1.7.2:flatten (flatten) @ yudao-spring-boot-starter-redis ---
[INFO] Generating flattened POM of project cn.iocoder.boot:yudao-spring-boot-starter-redis:jar:2026.06-SNAPSHOT...
[INFO] 
[INFO] --- compiler:3.14.0:compile (default-compile) @ yudao-spring-boot-starter-redis ---
[INFO] Nothing to compile - all classes are up to date.
[INFO] 
[INFO] --- resources:3.3.1:testResources (default-testResources) @ yudao-spring-boot-starter-redis ---
[INFO] skip non existing resourceDirectory /Volumes/zwl/camera-rental-github/camera-rental-server/yudao-framework/yudao-spring-boot-starter-redis/src/test/resources
[INFO] 
[INFO] --- compiler:3.14.0:testCompile (default-testCompile) @ yudao-spring-boot-starter-redis ---
[INFO] No sources to compile
[INFO] 
[INFO] --- surefire:3.5.3:test (default-test) @ yudao-spring-boot-starter-redis ---
[INFO] 
[INFO] ------------< cn.iocoder.boot:yudao-spring-boot-starter-mq >------------
[INFO] Building yudao-spring-boot-starter-mq 2026.06-SNAPSHOT            [8/24]
[INFO]   from yudao-framework/yudao-spring-boot-starter-mq/pom.xml
[INFO] --------------------------------[ jar ]---------------------------------
[WARNING] 1 problem was encountered while building the effective model for org.javassist:javassist:jar:3.21.0-GA during dependency collection step for project (use -X to see details)
[INFO] 
[INFO] --- resources:3.3.1:resources (default-resources) @ yudao-spring-boot-starter-mq ---
[INFO] Copying 1 resource from src/main/resources to target/classes
[INFO] 
[INFO] --- flatten:1.7.2:flatten (flatten) @ yudao-spring-boot-starter-mq ---
[INFO] Generating flattened POM of project cn.iocoder.boot:yudao-spring-boot-starter-mq:jar:2026.06-SNAPSHOT...
[INFO] 
[INFO] --- compiler:3.14.0:compile (default-compile) @ yudao-spring-boot-starter-mq ---
[INFO] Nothing to compile - all classes are up to date.
[INFO] 
[INFO] --- resources:3.3.1:testResources (default-testResources) @ yudao-spring-boot-starter-mq ---
[INFO] skip non existing resourceDirectory /Volumes/zwl/camera-rental-github/camera-rental-server/yudao-framework/yudao-spring-boot-starter-mq/src/test/resources
[INFO] 
[INFO] --- compiler:3.14.0:testCompile (default-testCompile) @ yudao-spring-boot-starter-mq ---
[INFO] No sources to compile
[INFO] 
[INFO] --- surefire:3.5.3:test (default-test) @ yudao-spring-boot-starter-mq ---
[INFO] 
[INFO] -----------< cn.iocoder.boot:yudao-spring-boot-starter-job >------------
[INFO] Building yudao-spring-boot-starter-job 2026.06-SNAPSHOT           [9/24]
[INFO]   from yudao-framework/yudao-spring-boot-starter-job/pom.xml
[INFO] --------------------------------[ jar ]---------------------------------
[INFO] 
[INFO] --- resources:3.3.1:resources (default-resources) @ yudao-spring-boot-starter-job ---
[INFO] Copying 1 resource from src/main/resources to target/classes
[INFO] 
[INFO] --- flatten:1.7.2:flatten (flatten) @ yudao-spring-boot-starter-job ---
[INFO] Generating flattened POM of project cn.iocoder.boot:yudao-spring-boot-starter-job:jar:2026.06-SNAPSHOT...
[INFO] 
[INFO] --- compiler:3.14.0:compile (default-compile) @ yudao-spring-boot-starter-job ---
[INFO] Nothing to compile - all classes are up to date.
[INFO] 
[INFO] --- resources:3.3.1:testResources (default-testResources) @ yudao-spring-boot-starter-job ---
[INFO] skip non existing resourceDirectory /Volumes/zwl/camera-rental-github/camera-rental-server/yudao-framework/yudao-spring-boot-starter-job/src/test/resources
[INFO] 
[INFO] --- compiler:3.14.0:testCompile (default-testCompile) @ yudao-spring-boot-starter-job ---
[INFO] No sources to compile
[INFO] 
[INFO] --- surefire:3.5.3:test (default-test) @ yudao-spring-boot-starter-job ---
[INFO] 
[INFO] -----------< cn.iocoder.boot:yudao-spring-boot-starter-test >-----------
[INFO] Building yudao-spring-boot-starter-test 2026.06-SNAPSHOT         [10/24]
[INFO]   from yudao-framework/yudao-spring-boot-starter-test/pom.xml
[INFO] --------------------------------[ jar ]---------------------------------
[INFO] 
[INFO] --- resources:3.3.1:resources (default-resources) @ yudao-spring-boot-starter-test ---
[INFO] skip non existing resourceDirectory /Volumes/zwl/camera-rental-github/camera-rental-server/yudao-framework/yudao-spring-boot-starter-test/src/main/resources
[INFO] 
[INFO] --- flatten:1.7.2:flatten (flatten) @ yudao-spring-boot-starter-test ---
[INFO] Generating flattened POM of project cn.iocoder.boot:yudao-spring-boot-starter-test:jar:2026.06-SNAPSHOT...
[INFO] 
[INFO] --- compiler:3.14.0:compile (default-compile) @ yudao-spring-boot-starter-test ---
[INFO] Nothing to compile - all classes are up to date.
[INFO] 
[INFO] --- resources:3.3.1:testResources (default-testResources) @ yudao-spring-boot-starter-test ---
[INFO] skip non existing resourceDirectory /Volumes/zwl/camera-rental-github/camera-rental-server/yudao-framework/yudao-spring-boot-starter-test/src/test/resources
[INFO] 
[INFO] --- compiler:3.14.0:testCompile (default-testCompile) @ yudao-spring-boot-starter-test ---
[INFO] No sources to compile
[INFO] 
[INFO] --- surefire:3.5.3:test (default-test) @ yudao-spring-boot-starter-test ---
[INFO] 
[INFO] --------< cn.iocoder.boot:yudao-spring-boot-starter-biz-tenant >--------
[INFO] Building yudao-spring-boot-starter-biz-tenant 2026.06-SNAPSHOT   [11/24]
[INFO]   from yudao-framework/yudao-spring-boot-starter-biz-tenant/pom.xml
[INFO] --------------------------------[ jar ]---------------------------------
[INFO] 
[INFO] --- resources:3.3.1:resources (default-resources) @ yudao-spring-boot-starter-biz-tenant ---
[INFO] Copying 2 resources from src/main/resources to target/classes
[INFO] 
[INFO] --- flatten:1.7.2:flatten (flatten) @ yudao-spring-boot-starter-biz-tenant ---
[INFO] Generating flattened POM of project cn.iocoder.boot:yudao-spring-boot-starter-biz-tenant:jar:2026.06-SNAPSHOT...
[INFO] 
[INFO] --- compiler:3.14.0:compile (default-compile) @ yudao-spring-boot-starter-biz-tenant ---
[INFO] Nothing to compile - all classes are up to date.
[INFO] 
[INFO] --- resources:3.3.1:testResources (default-testResources) @ yudao-spring-boot-starter-biz-tenant ---
[INFO] skip non existing resourceDirectory /Volumes/zwl/camera-rental-github/camera-rental-server/yudao-framework/yudao-spring-boot-starter-biz-tenant/src/test/resources
[INFO] 
[INFO] --- compiler:3.14.0:testCompile (default-testCompile) @ yudao-spring-boot-starter-biz-tenant ---
[INFO] Nothing to compile - all classes are up to date.
[INFO] 
[INFO] --- surefire:3.5.3:test (default-test) @ yudao-spring-boot-starter-biz-tenant ---
[INFO] 
[INFO] --------< cn.iocoder.boot:yudao-spring-boot-starter-websocket >---------
[INFO] Building yudao-spring-boot-starter-websocket 2026.06-SNAPSHOT    [12/24]
[INFO]   from yudao-framework/yudao-spring-boot-starter-websocket/pom.xml
[INFO] --------------------------------[ jar ]---------------------------------
[INFO] 
[INFO] --- resources:3.3.1:resources (default-resources) @ yudao-spring-boot-starter-websocket ---
[INFO] Copying 1 resource from src/main/resources to target/classes
[INFO] 
[INFO] --- flatten:1.7.2:flatten (flatten) @ yudao-spring-boot-starter-websocket ---
[INFO] Generating flattened POM of project cn.iocoder.boot:yudao-spring-boot-starter-websocket:jar:2026.06-SNAPSHOT...
[INFO] 
[INFO] --- compiler:3.14.0:compile (default-compile) @ yudao-spring-boot-starter-websocket ---
[INFO] Nothing to compile - all classes are up to date.
[INFO] 
[INFO] --- resources:3.3.1:testResources (default-testResources) @ yudao-spring-boot-starter-websocket ---
[INFO] skip non existing resourceDirectory /Volumes/zwl/camera-rental-github/camera-rental-server/yudao-framework/yudao-spring-boot-starter-websocket/src/test/resources
[INFO] 
[INFO] --- compiler:3.14.0:testCompile (default-testCompile) @ yudao-spring-boot-starter-websocket ---
[INFO] No sources to compile
[INFO] 
[INFO] --- surefire:3.5.3:test (default-test) @ yudao-spring-boot-starter-websocket ---
[INFO] 
[INFO] ---------< cn.iocoder.boot:yudao-spring-boot-starter-monitor >----------
[INFO] Building yudao-spring-boot-starter-monitor 2026.06-SNAPSHOT      [13/24]
[INFO]   from yudao-framework/yudao-spring-boot-starter-monitor/pom.xml
[INFO] --------------------------------[ jar ]---------------------------------
[INFO] 
[INFO] --- resources:3.3.1:resources (default-resources) @ yudao-spring-boot-starter-monitor ---
[INFO] Copying 1 resource from src/main/resources to target/classes
[INFO] 
[INFO] --- flatten:1.7.2:flatten (flatten) @ yudao-spring-boot-starter-monitor ---
[INFO] Generating flattened POM of project cn.iocoder.boot:yudao-spring-boot-starter-monitor:jar:2026.06-SNAPSHOT...
[INFO] 
[INFO] --- compiler:3.14.0:compile (default-compile) @ yudao-spring-boot-starter-monitor ---
[INFO] Nothing to compile - all classes are up to date.
[INFO] 
[INFO] --- resources:3.3.1:testResources (default-testResources) @ yudao-spring-boot-starter-monitor ---
[INFO] skip non existing resourceDirectory /Volumes/zwl/camera-rental-github/camera-rental-server/yudao-framework/yudao-spring-boot-starter-monitor/src/test/resources
[INFO] 
[INFO] --- compiler:3.14.0:testCompile (default-testCompile) @ yudao-spring-boot-starter-monitor ---
[INFO] No sources to compile
[INFO] 
[INFO] --- surefire:3.5.3:test (default-test) @ yudao-spring-boot-starter-monitor ---
[INFO] 
[INFO] --------< cn.iocoder.boot:yudao-spring-boot-starter-protection >--------
[INFO] Building yudao-spring-boot-starter-protection 2026.06-SNAPSHOT   [14/24]
[INFO]   from yudao-framework/yudao-spring-boot-starter-protection/pom.xml
[INFO] --------------------------------[ jar ]---------------------------------
[INFO] 
[INFO] --- resources:3.3.1:resources (default-resources) @ yudao-spring-boot-starter-protection ---
[INFO] Copying 1 resource from src/main/resources to target/classes
[INFO] 
[INFO] --- flatten:1.7.2:flatten (flatten) @ yudao-spring-boot-starter-protection ---
[INFO] Generating flattened POM of project cn.iocoder.boot:yudao-spring-boot-starter-protection:jar:2026.06-SNAPSHOT...
[INFO] 
[INFO] --- compiler:3.14.0:compile (default-compile) @ yudao-spring-boot-starter-protection ---
[INFO] Nothing to compile - all classes are up to date.
[INFO] 
[INFO] --- resources:3.3.1:testResources (default-testResources) @ yudao-spring-boot-starter-protection ---
[INFO] skip non existing resourceDirectory /Volumes/zwl/camera-rental-github/camera-rental-server/yudao-framework/yudao-spring-boot-starter-protection/src/test/resources
[INFO] 
[INFO] --- compiler:3.14.0:testCompile (default-testCompile) @ yudao-spring-boot-starter-protection ---
[INFO] Nothing to compile - all classes are up to date.
[INFO] 
[INFO] --- surefire:3.5.3:test (default-test) @ yudao-spring-boot-starter-protection ---
[INFO] 
[INFO] ----------< cn.iocoder.boot:yudao-spring-boot-starter-biz-ip >----------
[INFO] Building yudao-spring-boot-starter-biz-ip 2026.06-SNAPSHOT       [15/24]
[INFO]   from yudao-framework/yudao-spring-boot-starter-biz-ip/pom.xml
[INFO] --------------------------------[ jar ]---------------------------------
[INFO] 
[INFO] --- resources:3.3.1:resources (default-resources) @ yudao-spring-boot-starter-biz-ip ---
[INFO] Copying 2 resources from src/main/resources to target/classes
[INFO] 
[INFO] --- flatten:1.7.2:flatten (flatten) @ yudao-spring-boot-starter-biz-ip ---
[INFO] Generating flattened POM of project cn.iocoder.boot:yudao-spring-boot-starter-biz-ip:jar:2026.06-SNAPSHOT...
[INFO] 
[INFO] --- compiler:3.14.0:compile (default-compile) @ yudao-spring-boot-starter-biz-ip ---
[INFO] Nothing to compile - all classes are up to date.
[INFO] 
[INFO] --- resources:3.3.1:testResources (default-testResources) @ yudao-spring-boot-starter-biz-ip ---
[INFO] skip non existing resourceDirectory /Volumes/zwl/camera-rental-github/camera-rental-server/yudao-framework/yudao-spring-boot-starter-biz-ip/src/test/resources
[INFO] 
[INFO] --- compiler:3.14.0:testCompile (default-testCompile) @ yudao-spring-boot-starter-biz-ip ---
[INFO] Nothing to compile - all classes are up to date.
[INFO] 
[INFO] --- surefire:3.5.3:test (default-test) @ yudao-spring-boot-starter-biz-ip ---
[INFO] 
[INFO] ----------< cn.iocoder.boot:yudao-spring-boot-starter-excel >-----------
[INFO] Building yudao-spring-boot-starter-excel 2026.06-SNAPSHOT        [16/24]
[INFO]   from yudao-framework/yudao-spring-boot-starter-excel/pom.xml
[INFO] --------------------------------[ jar ]---------------------------------
[INFO] 
[INFO] --- resources:3.3.1:resources (default-resources) @ yudao-spring-boot-starter-excel ---
[INFO] Copying 1 resource from src/main/resources to target/classes
[INFO] 
[INFO] --- flatten:1.7.2:flatten (flatten) @ yudao-spring-boot-starter-excel ---
[INFO] Generating flattened POM of project cn.iocoder.boot:yudao-spring-boot-starter-excel:jar:2026.06-SNAPSHOT...
[INFO] 
[INFO] --- compiler:3.14.0:compile (default-compile) @ yudao-spring-boot-starter-excel ---
[INFO] Nothing to compile - all classes are up to date.
[INFO] 
[INFO] --- resources:3.3.1:testResources (default-testResources) @ yudao-spring-boot-starter-excel ---
[INFO] skip non existing resourceDirectory /Volumes/zwl/camera-rental-github/camera-rental-server/yudao-framework/yudao-spring-boot-starter-excel/src/test/resources
[INFO] 
[INFO] --- compiler:3.14.0:testCompile (default-testCompile) @ yudao-spring-boot-starter-excel ---
[INFO] Nothing to compile - all classes are up to date.
[INFO] 
[INFO] --- surefire:3.5.3:test (default-test) @ yudao-spring-boot-starter-excel ---
[INFO] 
[INFO] ---< cn.iocoder.boot:yudao-spring-boot-starter-biz-data-permission >----
[INFO] Building yudao-spring-boot-starter-biz-data-permission 2026.06-SNAPSHOT [17/24]
[INFO]   from yudao-framework/yudao-spring-boot-starter-biz-data-permission/pom.xml
[INFO] --------------------------------[ jar ]---------------------------------
[INFO] 
[INFO] --- resources:3.3.1:resources (default-resources) @ yudao-spring-boot-starter-biz-data-permission ---
[INFO] Copying 1 resource from src/main/resources to target/classes
[INFO] 
[INFO] --- flatten:1.7.2:flatten (flatten) @ yudao-spring-boot-starter-biz-data-permission ---
[INFO] Generating flattened POM of project cn.iocoder.boot:yudao-spring-boot-starter-biz-data-permission:jar:2026.06-SNAPSHOT...
[INFO] 
[INFO] --- compiler:3.14.0:compile (default-compile) @ yudao-spring-boot-starter-biz-data-permission ---
[INFO] Nothing to compile - all classes are up to date.
[INFO] 
[INFO] --- resources:3.3.1:testResources (default-testResources) @ yudao-spring-boot-starter-biz-data-permission ---
[INFO] skip non existing resourceDirectory /Volumes/zwl/camera-rental-github/camera-rental-server/yudao-framework/yudao-spring-boot-starter-biz-data-permission/src/test/resources
[INFO] 
[INFO] --- compiler:3.14.0:testCompile (default-testCompile) @ yudao-spring-boot-starter-biz-data-permission ---
[INFO] Nothing to compile - all classes are up to date.
[INFO] 
[INFO] --- surefire:3.5.3:test (default-test) @ yudao-spring-boot-starter-biz-data-permission ---
[INFO] 
[INFO] -----------------< cn.iocoder.boot:yudao-module-infra >-----------------
[INFO] Building yudao-module-infra 2026.06-SNAPSHOT                     [18/24]
[INFO]   from yudao-module-infra/pom.xml
[INFO] --------------------------------[ jar ]---------------------------------
[INFO] 
[INFO] --- resources:3.3.1:resources (default-resources) @ yudao-module-infra ---
[INFO] Copying 102 resources from src/main/resources to target/classes
[INFO] 
[INFO] --- flatten:1.7.2:flatten (flatten) @ yudao-module-infra ---
[INFO] Generating flattened POM of project cn.iocoder.boot:yudao-module-infra:jar:2026.06-SNAPSHOT...
[INFO] 
[INFO] --- compiler:3.14.0:compile (default-compile) @ yudao-module-infra ---
[INFO] Nothing to compile - all classes are up to date.
[INFO] 
[INFO] --- resources:3.3.1:testResources (default-testResources) @ yudao-module-infra ---
[INFO] Copying 809 resources from src/test/resources to target/test-classes
[INFO] 
[INFO] --- compiler:3.14.0:testCompile (default-testCompile) @ yudao-module-infra ---
[INFO] Nothing to compile - all classes are up to date.
[INFO] 
[INFO] --- surefire:3.5.3:test (default-test) @ yudao-module-infra ---
[INFO] 
[INFO] ----------------< cn.iocoder.boot:yudao-module-system >-----------------
[INFO] Building yudao-module-system 2026.06-SNAPSHOT                    [19/24]
[INFO]   from yudao-module-system/pom.xml
[INFO] --------------------------------[ jar ]---------------------------------
[INFO] 
[INFO] --- resources:3.3.1:resources (default-resources) @ yudao-module-system ---
[INFO] Copying 37 resources from src/main/resources to target/classes
[INFO] 
[INFO] --- flatten:1.7.2:flatten (flatten) @ yudao-module-system ---
[INFO] Generating flattened POM of project cn.iocoder.boot:yudao-module-system:jar:2026.06-SNAPSHOT...
[INFO] 
[INFO] --- compiler:3.14.0:compile (default-compile) @ yudao-module-system ---
[INFO] Nothing to compile - all classes are up to date.
[INFO] 
[INFO] --- resources:3.3.1:testResources (default-testResources) @ yudao-module-system ---
[INFO] Copying 4 resources from src/test/resources to target/test-classes
[INFO] 
[INFO] --- compiler:3.14.0:testCompile (default-testCompile) @ yudao-module-system ---
[INFO] Nothing to compile - all classes are up to date.
[INFO] 
[INFO] --- surefire:3.5.3:test (default-test) @ yudao-module-system ---
[INFO] 
[INFO] ----------------< cn.iocoder.boot:yudao-module-rental >-----------------
[INFO] Building yudao-module-rental 2026.06-SNAPSHOT                    [20/24]
[INFO]   from yudao-module-rental/pom.xml
[INFO] --------------------------------[ pom ]---------------------------------
[INFO] 
[INFO] --- flatten:1.7.2:flatten (flatten) @ yudao-module-rental ---
[INFO] Generating flattened POM of project cn.iocoder.boot:yudao-module-rental:pom:2026.06-SNAPSHOT...
[INFO] 
[INFO] --------------< cn.iocoder.boot:yudao-module-rental-api >---------------
[INFO] Building yudao-module-rental-api 2026.06-SNAPSHOT                [21/24]
[INFO]   from yudao-module-rental/yudao-module-rental-api/pom.xml
[INFO] --------------------------------[ jar ]---------------------------------
[INFO] 
[INFO] --- resources:3.3.1:resources (default-resources) @ yudao-module-rental-api ---
[INFO] skip non existing resourceDirectory /Volumes/zwl/camera-rental-github/camera-rental-server/yudao-module-rental/yudao-module-rental-api/src/main/resources
[INFO] 
[INFO] --- flatten:1.7.2:flatten (flatten) @ yudao-module-rental-api ---
[INFO] Generating flattened POM of project cn.iocoder.boot:yudao-module-rental-api:jar:2026.06-SNAPSHOT...
[INFO] 
[INFO] --- compiler:3.14.0:compile (default-compile) @ yudao-module-rental-api ---
[INFO] Nothing to compile - all classes are up to date.
[INFO] 
[INFO] --- resources:3.3.1:testResources (default-testResources) @ yudao-module-rental-api ---
[INFO] skip non existing resourceDirectory /Volumes/zwl/camera-rental-github/camera-rental-server/yudao-module-rental/yudao-module-rental-api/src/test/resources
[INFO] 
[INFO] --- compiler:3.14.0:testCompile (default-testCompile) @ yudao-module-rental-api ---
[INFO] No sources to compile
[INFO] 
[INFO] --- surefire:3.5.3:test (default-test) @ yudao-module-rental-api ---
[INFO] 
[INFO] ------------------< cn.iocoder.boot:yudao-module-ai >-------------------
[INFO] Building yudao-module-ai 2026.06-SNAPSHOT                        [22/24]
[INFO]   from yudao-module-ai/pom.xml
[INFO] --------------------------------[ jar ]---------------------------------
[WARNING] 2 problems were encountered while building the effective model for org.apache.yetus:audience-annotations:jar:0.5.0 during dependency collection step for project (use -X to see details)
[INFO] 
[INFO] --- resources:3.3.1:resources (default-resources) @ yudao-module-ai ---
[INFO] skip non existing resourceDirectory /Volumes/zwl/camera-rental-github/camera-rental-server/yudao-module-ai/src/main/resources
[INFO] 
[INFO] --- flatten:1.7.2:flatten (flatten) @ yudao-module-ai ---
[INFO] Generating flattened POM of project cn.iocoder.boot:yudao-module-ai:jar:2026.06-SNAPSHOT...
[INFO] 
[INFO] --- compiler:3.14.0:compile (default-compile) @ yudao-module-ai ---
[INFO] Nothing to compile - all classes are up to date.
[INFO] 
[INFO] --- resources:3.3.1:testResources (default-testResources) @ yudao-module-ai ---
[INFO] skip non existing resourceDirectory /Volumes/zwl/camera-rental-github/camera-rental-server/yudao-module-ai/src/test/resources
[INFO] 
[INFO] --- compiler:3.14.0:testCompile (default-testCompile) @ yudao-module-ai ---
[INFO] Nothing to compile - all classes are up to date.
[INFO] 
[INFO] --- surefire:3.5.3:test (default-test) @ yudao-module-ai ---
[INFO] 
[INFO] ------------------< cn.iocoder.boot:yudao-module-erp >------------------
[INFO] Building yudao-module-erp 2026.06-SNAPSHOT                       [23/24]
[INFO]   from yudao-module-erp/pom.xml
[INFO] --------------------------------[ jar ]---------------------------------
[INFO] 
[INFO] --- resources:3.3.1:resources (default-resources) @ yudao-module-erp ---
[INFO] Copying 2 resources from src/main/resources to target/classes
[INFO] 
[INFO] --- flatten:1.7.2:flatten (flatten) @ yudao-module-erp ---
[INFO] Generating flattened POM of project cn.iocoder.boot:yudao-module-erp:jar:2026.06-SNAPSHOT...
[INFO] 
[INFO] --- compiler:3.14.0:compile (default-compile) @ yudao-module-erp ---
[INFO] Nothing to compile - all classes are up to date.
[INFO] 
[INFO] --- resources:3.3.1:testResources (default-testResources) @ yudao-module-erp ---
[INFO] skip non existing resourceDirectory /Volumes/zwl/camera-rental-github/camera-rental-server/yudao-module-erp/src/test/resources
[INFO] 
[INFO] --- compiler:3.14.0:testCompile (default-testCompile) @ yudao-module-erp ---
[INFO] No sources to compile
[INFO] 
[INFO] --- surefire:3.5.3:test (default-test) @ yudao-module-erp ---
[INFO] 
[INFO] --------------< cn.iocoder.boot:yudao-module-rental-biz >---------------
[INFO] Building yudao-module-rental-biz 2026.06-SNAPSHOT                [24/24]
[INFO]   from yudao-module-rental/yudao-module-rental-biz/pom.xml
[INFO] --------------------------------[ jar ]---------------------------------
[INFO] 
[INFO] --- resources:3.3.1:resources (default-resources) @ yudao-module-rental-biz ---
[INFO] Copying 2 resources from src/main/resources to target/classes
[INFO] 
[INFO] --- flatten:1.7.2:flatten (flatten) @ yudao-module-rental-biz ---
[INFO] Generating flattened POM of project cn.iocoder.boot:yudao-module-rental-biz:jar:2026.06-SNAPSHOT...
[INFO] 
[INFO] --- compiler:3.14.0:compile (default-compile) @ yudao-module-rental-biz ---
[INFO] Nothing to compile - all classes are up to date.
[INFO] 
[INFO] --- resources:3.3.1:testResources (default-testResources) @ yudao-module-rental-biz ---
[INFO] skip non existing resourceDirectory /Volumes/zwl/camera-rental-github/camera-rental-server/yudao-module-rental/yudao-module-rental-biz/src/test/resources
[INFO] 
[INFO] --- compiler:3.14.0:testCompile (default-testCompile) @ yudao-module-rental-biz ---
[INFO] Nothing to compile - all classes are up to date.
[INFO] 
[INFO] --- surefire:3.5.3:test (default-test) @ yudao-module-rental-biz ---
[INFO] Using auto detected provider org.apache.maven.surefire.junitplatform.JUnitPlatformProvider
[INFO] 
[INFO] -------------------------------------------------------
[INFO]  T E S T S
[INFO] -------------------------------------------------------
[INFO] Running cn.iocoder.yudao.module.rental.service.admin.RentalDeviceAdminServiceTest
[INFO] Tests run: 10, Failures: 0, Errors: 0, Skipped: 0, Time elapsed: 1.377 s -- in cn.iocoder.yudao.module.rental.service.admin.RentalDeviceAdminServiceTest
[INFO] Running cn.iocoder.yudao.module.rental.service.admin.RentalDeviceDeletionGuardTest
[INFO] Tests run: 11, Failures: 0, Errors: 0, Skipped: 0, Time elapsed: 0.194 s -- in cn.iocoder.yudao.module.rental.service.admin.RentalDeviceDeletionGuardTest
[INFO] 
[INFO] Results:
[INFO] 
[INFO] Tests run: 21, Failures: 0, Errors: 0, Skipped: 0
[INFO] 
[INFO] ------------------------------------------------------------------------
[INFO] Reactor Summary for yudao 2026.06-SNAPSHOT:
[INFO] 
[INFO] yudao .............................................. SUCCESS [  0.223 s]
[INFO] yudao-framework .................................... SUCCESS [  0.081 s]
[INFO] yudao-common ....................................... SUCCESS [  1.178 s]
[INFO] yudao-spring-boot-starter-web ...................... SUCCESS [  0.363 s]
[INFO] yudao-spring-boot-starter-security ................. SUCCESS [  0.220 s]
[INFO] yudao-spring-boot-starter-mybatis .................. SUCCESS [  1.191 s]
[INFO] yudao-spring-boot-starter-redis .................... SUCCESS [  0.205 s]
[INFO] yudao-spring-boot-starter-mq ....................... SUCCESS [  0.314 s]
[INFO] yudao-spring-boot-starter-job ...................... SUCCESS [  0.069 s]
[INFO] yudao-spring-boot-starter-test ..................... SUCCESS [  0.117 s]
[INFO] yudao-spring-boot-starter-biz-tenant ............... SUCCESS [  0.258 s]
[INFO] yudao-spring-boot-starter-websocket ................ SUCCESS [  0.171 s]
[INFO] yudao-spring-boot-starter-monitor .................. SUCCESS [  0.130 s]
[INFO] yudao-spring-boot-starter-protection ............... SUCCESS [  0.227 s]
[INFO] yudao-spring-boot-starter-biz-ip ................... SUCCESS [  0.128 s]
[INFO] yudao-spring-boot-starter-excel .................... SUCCESS [  0.194 s]
[INFO] yudao-spring-boot-starter-biz-data-permission ...... SUCCESS [  0.170 s]
[INFO] yudao-module-infra ................................. SUCCESS [  1.928 s]
[INFO] yudao-module-system ................................ SUCCESS [  0.819 s]
[INFO] yudao-module-rental ................................ SUCCESS [  0.034 s]
[INFO] yudao-module-rental-api ............................ SUCCESS [  0.077 s]
[INFO] yudao-module-ai .................................... SUCCESS [  1.690 s]
[INFO] yudao-module-erp ................................... SUCCESS [  0.290 s]
[INFO] yudao-module-rental-biz ............................ SUCCESS [  3.425 s]
[INFO] ------------------------------------------------------------------------
[INFO] BUILD SUCCESS
[INFO] ------------------------------------------------------------------------
[INFO] Total time:  13.830 s
[INFO] Finished at: 2026-08-30T18:44:22+08:00
[INFO] ------------------------------------------------------------------------


## stderr
OpenJDK 64-Bit Server VM warning: Sharing is only supported for boot loader classes because bootstrap classpath has been appended

