# command: cd camera-rental-admin && node --test --experimental-strip-types tests/deviceMaintenanceModel.test.ts && pnpm ts:check
# exit_status: 0
# duration_ms: 21816

## stdout
TAP version 13
# (node:22885) [MODULE_TYPELESS_PACKAGE_JSON] Warning: Module type of file:///Volumes/zwl/camera-rental-github/camera-rental-admin/tests/deviceMaintenanceModel.test.ts is not specified and it doesn't parse as CommonJS.
# Reparsing as ES module because module syntax was detected. This incurs a performance overhead.
# To eliminate this warning, add "type": "module" to /Volumes/zwl/camera-rental-github/camera-rental-admin/package.json.
# (Use `node --trace-warnings ...` to show where the warning was created)
# Subtest: device edit form converts integer cents to display yuan
ok 1 - device edit form converts integer cents to display yuan
  ---
  duration_ms: 0.704167
  type: 'test'
  ...
# Subtest: device update payload contains only mutable fields and integer cents
ok 2 - device update payload contains only mutable fields and integer cents
  ---
  duration_ms: 0.086917
  type: 'test'
  ...
# Subtest: empty optional values stay empty for server-side null normalization
ok 3 - empty optional values stay empty for server-side null normalization
  ---
  duration_ms: 0.063209
  type: 'test'
  ...
# Subtest: invalid purchase amount is rejected before the request
ok 4 - invalid purchase amount is rejected before the request
  ---
  duration_ms: 0.178708
  type: 'test'
  ...
1..4
# tests 4
# suites 0
# pass 4
# fail 0
# cancelled 0
# skipped 0
# todo 0
# duration_ms 84.039542


## stderr
$ node --max_old_space_size=8192 ./node_modules/vue-tsc/bin/vue-tsc.js --noEmit --incremental --tsBuildInfoFile node_modules/.cache/vue-tsc/tsconfig.tsbuildinfo

